Archive member included because of file (symbol)

e:/amit_course/microcontroller_n_microprocessor_tools_n_work/eclipse/sdk_win_64/winavr/bin/../lib/gcc/avr/4.3.3/avr5\libgcc.a(_mulsi3.o)
                              ./MCAL/TIMER/TIMER_prog.o (__mulsi3)
e:/amit_course/microcontroller_n_microprocessor_tools_n_work/eclipse/sdk_win_64/winavr/bin/../lib/gcc/avr/4.3.3/avr5\libgcc.a(_udivmodqi4.o)
                              ./APP/POV/POV_prog.o (__udivmodqi4)
e:/amit_course/microcontroller_n_microprocessor_tools_n_work/eclipse/sdk_win_64/winavr/bin/../lib/gcc/avr/4.3.3/avr5\libgcc.a(_udivmodhi4.o)
                              ./MCAL/TIMER/TIMER_prog.o (__udivmodhi4)
e:/amit_course/microcontroller_n_microprocessor_tools_n_work/eclipse/sdk_win_64/winavr/bin/../lib/gcc/avr/4.3.3/avr5\libgcc.a(_udivmodsi4.o)
                              ./MCAL/TIMER/TIMER_prog.o (__udivmodsi4)
e:/amit_course/microcontroller_n_microprocessor_tools_n_work/eclipse/sdk_win_64/winavr/bin/../lib/gcc/avr/4.3.3/avr5\libgcc.a(_divmodsi4.o)
                              ./HAL/Lcd/Lcd_prog.o (__divmodsi4)
e:/amit_course/microcontroller_n_microprocessor_tools_n_work/eclipse/sdk_win_64/winavr/bin/../lib/gcc/avr/4.3.3/avr5\libgcc.a(_exit.o)
                              e:/amit_course/microcontroller_n_microprocessor_tools_n_work/eclipse/sdk_win_64/winavr/bin/../lib/gcc/avr/4.3.3/../../../../avr/lib/avr5/crtm32.o (exit)
e:/amit_course/microcontroller_n_microprocessor_tools_n_work/eclipse/sdk_win_64/winavr/bin/../lib/gcc/avr/4.3.3/avr5\libgcc.a(_copy_data.o)
                              ./MCAL/TIMER/TIMER_config.o (__do_copy_data)
e:/amit_course/microcontroller_n_microprocessor_tools_n_work/eclipse/sdk_win_64/winavr/bin/../lib/gcc/avr/4.3.3/avr5\libgcc.a(_clear_bss.o)
                              ./MCAL/TIMER/TIMER_prog.o (__do_clear_bss)
e:/amit_course/microcontroller_n_microprocessor_tools_n_work/eclipse/sdk_win_64/winavr/bin/../lib/gcc/avr/4.3.3/avr5\libgcc.a(_muldi3.o)
                              ./APP/LoginSystem/LoginSystem_prog.o (__muldi3)
e:/amit_course/microcontroller_n_microprocessor_tools_n_work/eclipse/sdk_win_64/winavr/bin/../lib/gcc/avr/4.3.3/avr5\libgcc.a(_lshrdi3.o)
                              ./APP/LoginSystem/LoginSystem_prog.o (__lshrdi3)
e:/amit_course/microcontroller_n_microprocessor_tools_n_work/eclipse/sdk_win_64/winavr/bin/../lib/gcc/avr/4.3.3/avr5\libgcc.a(_fixunssfsi.o)
                              ./MCAL/TIMER/TIMER_prog.o (__fixunssfsi)
e:/amit_course/microcontroller_n_microprocessor_tools_n_work/eclipse/sdk_win_64/winavr/bin/../lib/gcc/avr/4.3.3/avr5\libgcc.a(_addsub_sf.o)
                              ./HAL/Lcd/Lcd_prog.o (__subsf3)
e:/amit_course/microcontroller_n_microprocessor_tools_n_work/eclipse/sdk_win_64/winavr/bin/../lib/gcc/avr/4.3.3/avr5\libgcc.a(_mul_sf.o)
                              ./MCAL/TIMER/TIMER_prog.o (__mulsf3)
e:/amit_course/microcontroller_n_microprocessor_tools_n_work/eclipse/sdk_win_64/winavr/bin/../lib/gcc/avr/4.3.3/avr5\libgcc.a(_div_sf.o)
                              ./MCAL/TIMER/TIMER_prog.o (__divsf3)
e:/amit_course/microcontroller_n_microprocessor_tools_n_work/eclipse/sdk_win_64/winavr/bin/../lib/gcc/avr/4.3.3/avr5\libgcc.a(_eq_sf.o)
                              ./HAL/Lcd/Lcd_prog.o (__eqsf2)
e:/amit_course/microcontroller_n_microprocessor_tools_n_work/eclipse/sdk_win_64/winavr/bin/../lib/gcc/avr/4.3.3/avr5\libgcc.a(_gt_sf.o)
                              ./HAL/Lcd/Lcd_prog.o (__gtsf2)
e:/amit_course/microcontroller_n_microprocessor_tools_n_work/eclipse/sdk_win_64/winavr/bin/../lib/gcc/avr/4.3.3/avr5\libgcc.a(_ge_sf.o)
                              ./MCAL/TIMER/TIMER_prog.o (__gesf2)
e:/amit_course/microcontroller_n_microprocessor_tools_n_work/eclipse/sdk_win_64/winavr/bin/../lib/gcc/avr/4.3.3/avr5\libgcc.a(_lt_sf.o)
                              ./MCAL/TIMER/TIMER_prog.o (__ltsf2)
e:/amit_course/microcontroller_n_microprocessor_tools_n_work/eclipse/sdk_win_64/winavr/bin/../lib/gcc/avr/4.3.3/avr5\libgcc.a(_si_to_sf.o)
                              ./HAL/Lcd/Lcd_prog.o (__floatsisf)
e:/amit_course/microcontroller_n_microprocessor_tools_n_work/eclipse/sdk_win_64/winavr/bin/../lib/gcc/avr/4.3.3/avr5\libgcc.a(_sf_to_si.o)
                              ./HAL/Lcd/Lcd_prog.o (__fixsfsi)
e:/amit_course/microcontroller_n_microprocessor_tools_n_work/eclipse/sdk_win_64/winavr/bin/../lib/gcc/avr/4.3.3/avr5\libgcc.a(_thenan_sf.o)
                              e:/amit_course/microcontroller_n_microprocessor_tools_n_work/eclipse/sdk_win_64/winavr/bin/../lib/gcc/avr/4.3.3/avr5\libgcc.a(_addsub_sf.o) (__thenan_sf)
e:/amit_course/microcontroller_n_microprocessor_tools_n_work/eclipse/sdk_win_64/winavr/bin/../lib/gcc/avr/4.3.3/avr5\libgcc.a(_usi_to_sf.o)
                              ./MCAL/TIMER/TIMER_prog.o (__floatunsisf)
e:/amit_course/microcontroller_n_microprocessor_tools_n_work/eclipse/sdk_win_64/winavr/bin/../lib/gcc/avr/4.3.3/avr5\libgcc.a(_prologue.o)
                              e:/amit_course/microcontroller_n_microprocessor_tools_n_work/eclipse/sdk_win_64/winavr/bin/../lib/gcc/avr/4.3.3/avr5\libgcc.a(_muldi3.o) (__prologue_saves__)
e:/amit_course/microcontroller_n_microprocessor_tools_n_work/eclipse/sdk_win_64/winavr/bin/../lib/gcc/avr/4.3.3/avr5\libgcc.a(_epilogue.o)
                              e:/amit_course/microcontroller_n_microprocessor_tools_n_work/eclipse/sdk_win_64/winavr/bin/../lib/gcc/avr/4.3.3/avr5\libgcc.a(_muldi3.o) (__epilogue_restores__)
e:/amit_course/microcontroller_n_microprocessor_tools_n_work/eclipse/sdk_win_64/winavr/bin/../lib/gcc/avr/4.3.3/avr5\libgcc.a(_clzsi2.o)
                              e:/amit_course/microcontroller_n_microprocessor_tools_n_work/eclipse/sdk_win_64/winavr/bin/../lib/gcc/avr/4.3.3/avr5\libgcc.a(_si_to_sf.o) (__clzsi2)
e:/amit_course/microcontroller_n_microprocessor_tools_n_work/eclipse/sdk_win_64/winavr/bin/../lib/gcc/avr/4.3.3/avr5\libgcc.a(_pack_sf.o)
                              e:/amit_course/microcontroller_n_microprocessor_tools_n_work/eclipse/sdk_win_64/winavr/bin/../lib/gcc/avr/4.3.3/avr5\libgcc.a(_addsub_sf.o) (__pack_f)
e:/amit_course/microcontroller_n_microprocessor_tools_n_work/eclipse/sdk_win_64/winavr/bin/../lib/gcc/avr/4.3.3/avr5\libgcc.a(_unpack_sf.o)
                              e:/amit_course/microcontroller_n_microprocessor_tools_n_work/eclipse/sdk_win_64/winavr/bin/../lib/gcc/avr/4.3.3/avr5\libgcc.a(_addsub_sf.o) (__unpack_f)
e:/amit_course/microcontroller_n_microprocessor_tools_n_work/eclipse/sdk_win_64/winavr/bin/../lib/gcc/avr/4.3.3/avr5\libgcc.a(_fpcmp_parts_sf.o)
                              e:/amit_course/microcontroller_n_microprocessor_tools_n_work/eclipse/sdk_win_64/winavr/bin/../lib/gcc/avr/4.3.3/avr5\libgcc.a(_eq_sf.o) (__fpcmp_parts_f)
e:/amit_course/microcontroller_n_microprocessor_tools_n_work/eclipse/sdk_win_64/winavr/bin/../lib/gcc/avr/4.3.3/avr5\libgcc.a(_clz.o)
                              e:/amit_course/microcontroller_n_microprocessor_tools_n_work/eclipse/sdk_win_64/winavr/bin/../lib/gcc/avr/4.3.3/avr5\libgcc.a(_clzsi2.o) (__clz_tab)

Memory Configuration

Name             Origin             Length             Attributes
text             0x00000000         0x00020000         xr
data             0x00800060         0x0000ffa0         rw !x
eeprom           0x00810000         0x00010000         rw !x
fuse             0x00820000         0x00000400         rw !x
lock             0x00830000         0x00000400         rw !x
signature        0x00840000         0x00000400         rw !x
*default*        0x00000000         0xffffffff

Linker script and memory map

LOAD e:/amit_course/microcontroller_n_microprocessor_tools_n_work/eclipse/sdk_win_64/winavr/bin/../lib/gcc/avr/4.3.3/../../../../avr/lib/avr5/crtm32.o
LOAD ./MCAL/TIMER/TIMER_config.o
LOAD ./MCAL/TIMER/TIMER_prog.o
LOAD ./MCAL/GIE/GIE_prog.o
LOAD ./MCAL/EXTI/EXTI_config.o
LOAD ./MCAL/EXTI/EXTI_prog.o
LOAD ./MCAL/DIO/DIO_prog.o
LOAD ./MCAL/ADC/ADC_prog.o
LOAD ./HAL/Switch/Switch_config.o
LOAD ./HAL/Switch/Switch_prog.o
LOAD ./HAL/Led/Led_config.o
LOAD ./HAL/Led/Led_prog.o
LOAD ./HAL/Lcd/Lcd_prog.o
LOAD ./HAL/Keypad/Keypad_prog.o
LOAD ./HAL/HexaDecoder/HexaDecoder_prog.o
LOAD ./HAL/Buzzer/Buzzer_prog.o
LOAD ./APP/TrafficLight/TrafficLight_prog.o
LOAD ./APP/POV/POV_prog.o
LOAD ./APP/LoginSystem/LoginSystem_prog.o
LOAD ./APP/ClickGlow/ClickGlow_prog.o
LOAD ./APP/Calculator/Calculator_prog.o
LOAD ./APP/Animation/Animation.prog.o
LOAD ./main.o
LOAD e:/amit_course/microcontroller_n_microprocessor_tools_n_work/eclipse/sdk_win_64/winavr/bin/../lib/gcc/avr/4.3.3/avr5\libgcc.a
LOAD e:/amit_course/microcontroller_n_microprocessor_tools_n_work/eclipse/sdk_win_64/winavr/bin/../lib/gcc/avr/4.3.3/../../../../avr/lib/avr5\libc.a
LOAD e:/amit_course/microcontroller_n_microprocessor_tools_n_work/eclipse/sdk_win_64/winavr/bin/../lib/gcc/avr/4.3.3/avr5\libgcc.a

.hash
 *(.hash)

.dynsym
 *(.dynsym)

.dynstr
 *(.dynstr)

.gnu.version
 *(.gnu.version)

.gnu.version_d
 *(.gnu.version_d)

.gnu.version_r
 *(.gnu.version_r)

.rel.init
 *(.rel.init)

.rela.init
 *(.rela.init)

.rel.text
 *(.rel.text)
 *(.rel.text.*)
 *(.rel.gnu.linkonce.t*)

.rela.text
 *(.rela.text)
 *(.rela.text.*)
 *(.rela.gnu.linkonce.t*)

.rel.fini
 *(.rel.fini)

.rela.fini
 *(.rela.fini)

.rel.rodata
 *(.rel.rodata)
 *(.rel.rodata.*)
 *(.rel.gnu.linkonce.r*)

.rela.rodata
 *(.rela.rodata)
 *(.rela.rodata.*)
 *(.rela.gnu.linkonce.r*)

.rel.data
 *(.rel.data)
 *(.rel.data.*)
 *(.rel.gnu.linkonce.d*)

.rela.data
 *(.rela.data)
 *(.rela.data.*)
 *(.rela.gnu.linkonce.d*)

.rel.ctors
 *(.rel.ctors)

.rela.ctors
 *(.rela.ctors)

.rel.dtors
 *(.rel.dtors)

.rela.dtors
 *(.rela.dtors)

.rel.got
 *(.rel.got)

.rela.got
 *(.rela.got)

.rel.bss
 *(.rel.bss)

.rela.bss
 *(.rela.bss)

.rel.plt
 *(.rel.plt)

.rela.plt
 *(.rela.plt)

.text           0x00000000     0x7704
 *(.vectors)
 .vectors       0x00000000       0x54 e:/amit_course/microcontroller_n_microprocessor_tools_n_work/eclipse/sdk_win_64/winavr/bin/../lib/gcc/avr/4.3.3/../../../../avr/lib/avr5/crtm32.o
                0x00000000                __vectors
                0x00000000                __vector_default
 *(.vectors)
 *(.progmem.gcc*)
 *(.progmem*)
                0x00000054                . = ALIGN (0x2)
                0x00000054                __trampolines_start = .
 *(.trampolines)
 .trampolines   0x00000054        0x0 linker stubs
 *(.trampolines*)
                0x00000054                __trampolines_end = .
 *(.jumptables)
 *(.jumptables*)
 *(.lowtext)
 *(.lowtext*)
                0x00000054                __ctors_start = .
 *(.ctors)
                0x00000054                __ctors_end = .
                0x00000054                __dtors_start = .
 *(.dtors)
                0x00000054                __dtors_end = .
 SORT(*)(.ctors)
 SORT(*)(.dtors)
 *(.init0)
 .init0         0x00000054        0x0 e:/amit_course/microcontroller_n_microprocessor_tools_n_work/eclipse/sdk_win_64/winavr/bin/../lib/gcc/avr/4.3.3/../../../../avr/lib/avr5/crtm32.o
                0x00000054                __init
 *(.init0)
 *(.init1)
 *(.init1)
 *(.init2)
 .init2         0x00000054        0xc e:/amit_course/microcontroller_n_microprocessor_tools_n_work/eclipse/sdk_win_64/winavr/bin/../lib/gcc/avr/4.3.3/../../../../avr/lib/avr5/crtm32.o
 *(.init2)
 *(.init3)
 *(.init3)
 *(.init4)
 .init4         0x00000060       0x16 e:/amit_course/microcontroller_n_microprocessor_tools_n_work/eclipse/sdk_win_64/winavr/bin/../lib/gcc/avr/4.3.3/avr5\libgcc.a(_copy_data.o)
                0x00000060                __do_copy_data
 .init4         0x00000076       0x10 e:/amit_course/microcontroller_n_microprocessor_tools_n_work/eclipse/sdk_win_64/winavr/bin/../lib/gcc/avr/4.3.3/avr5\libgcc.a(_clear_bss.o)
                0x00000076                __do_clear_bss
 *(.init4)
 *(.init5)
 *(.init5)
 *(.init6)
 *(.init6)
 *(.init7)
 *(.init7)
 *(.init8)
 *(.init8)
 *(.init9)
 .init9         0x00000086        0x8 e:/amit_course/microcontroller_n_microprocessor_tools_n_work/eclipse/sdk_win_64/winavr/bin/../lib/gcc/avr/4.3.3/../../../../avr/lib/avr5/crtm32.o
 *(.init9)
 *(.text)
 .text          0x0000008e        0x4 e:/amit_course/microcontroller_n_microprocessor_tools_n_work/eclipse/sdk_win_64/winavr/bin/../lib/gcc/avr/4.3.3/../../../../avr/lib/avr5/crtm32.o
                0x0000008e                __vector_12
                0x0000008e                __bad_interrupt
                0x0000008e                __vector_6
                0x0000008e                __vector_13
                0x0000008e                __vector_17
                0x0000008e                __vector_19
                0x0000008e                __vector_7
                0x0000008e                __vector_5
                0x0000008e                __vector_4
                0x0000008e                __vector_9
                0x0000008e                __vector_15
                0x0000008e                __vector_8
                0x0000008e                __vector_14
                0x0000008e                __vector_18
                0x0000008e                __vector_20
 .text          0x00000092        0x0 ./MCAL/TIMER/TIMER_config.o
 .text          0x00000092        0x0 ./MCAL/TIMER/TIMER_prog.o
 .text          0x00000092        0x0 ./MCAL/GIE/GIE_prog.o
 .text          0x00000092        0x0 ./MCAL/EXTI/EXTI_config.o
 .text          0x00000092        0x0 ./MCAL/EXTI/EXTI_prog.o
 .text          0x00000092        0x0 ./MCAL/DIO/DIO_prog.o
 .text          0x00000092        0x0 ./MCAL/ADC/ADC_prog.o
 .text          0x00000092        0x0 ./HAL/Switch/Switch_config.o
 .text          0x00000092        0x0 ./HAL/Switch/Switch_prog.o
 .text          0x00000092        0x0 ./HAL/Led/Led_config.o
 .text          0x00000092        0x0 ./HAL/Led/Led_prog.o
 .text          0x00000092        0x0 ./HAL/Lcd/Lcd_prog.o
 .text          0x00000092        0x0 ./HAL/Keypad/Keypad_prog.o
 .text          0x00000092        0x0 ./HAL/HexaDecoder/HexaDecoder_prog.o
 .text          0x00000092        0x0 ./HAL/Buzzer/Buzzer_prog.o
 .text          0x00000092        0x0 ./APP/TrafficLight/TrafficLight_prog.o
 .text          0x00000092        0x0 ./APP/POV/POV_prog.o
 .text          0x00000092        0x0 ./APP/LoginSystem/LoginSystem_prog.o
 .text          0x00000092        0x0 ./APP/ClickGlow/ClickGlow_prog.o
 .text          0x00000092        0x0 ./APP/Calculator/Calculator_prog.o
 .text          0x00000092        0x0 ./APP/Animation/Animation.prog.o
 .text          0x00000092        0x0 ./main.o
 .text          0x00000092        0x0 e:/amit_course/microcontroller_n_microprocessor_tools_n_work/eclipse/sdk_win_64/winavr/bin/../lib/gcc/avr/4.3.3/avr5\libgcc.a(_mulsi3.o)
 .text          0x00000092        0x0 e:/amit_course/microcontroller_n_microprocessor_tools_n_work/eclipse/sdk_win_64/winavr/bin/../lib/gcc/avr/4.3.3/avr5\libgcc.a(_udivmodqi4.o)
 .text          0x00000092        0x0 e:/amit_course/microcontroller_n_microprocessor_tools_n_work/eclipse/sdk_win_64/winavr/bin/../lib/gcc/avr/4.3.3/avr5\libgcc.a(_udivmodhi4.o)
 .text          0x00000092        0x0 e:/amit_course/microcontroller_n_microprocessor_tools_n_work/eclipse/sdk_win_64/winavr/bin/../lib/gcc/avr/4.3.3/avr5\libgcc.a(_udivmodsi4.o)
 .text          0x00000092        0x0 e:/amit_course/microcontroller_n_microprocessor_tools_n_work/eclipse/sdk_win_64/winavr/bin/../lib/gcc/avr/4.3.3/avr5\libgcc.a(_divmodsi4.o)
 .text          0x00000092        0x0 e:/amit_course/microcontroller_n_microprocessor_tools_n_work/eclipse/sdk_win_64/winavr/bin/../lib/gcc/avr/4.3.3/avr5\libgcc.a(_exit.o)
 .text          0x00000092        0x0 e:/amit_course/microcontroller_n_microprocessor_tools_n_work/eclipse/sdk_win_64/winavr/bin/../lib/gcc/avr/4.3.3/avr5\libgcc.a(_copy_data.o)
 .text          0x00000092        0x0 e:/amit_course/microcontroller_n_microprocessor_tools_n_work/eclipse/sdk_win_64/winavr/bin/../lib/gcc/avr/4.3.3/avr5\libgcc.a(_clear_bss.o)
 .text          0x00000092      0x1f6 e:/amit_course/microcontroller_n_microprocessor_tools_n_work/eclipse/sdk_win_64/winavr/bin/../lib/gcc/avr/4.3.3/avr5\libgcc.a(_muldi3.o)
                0x00000092                __muldi3
 .text          0x00000288       0xfe e:/amit_course/microcontroller_n_microprocessor_tools_n_work/eclipse/sdk_win_64/winavr/bin/../lib/gcc/avr/4.3.3/avr5\libgcc.a(_lshrdi3.o)
                0x00000288                __lshrdi3
 .text          0x00000386       0x58 e:/amit_course/microcontroller_n_microprocessor_tools_n_work/eclipse/sdk_win_64/winavr/bin/../lib/gcc/avr/4.3.3/avr5\libgcc.a(_fixunssfsi.o)
                0x00000386                __fixunssfsi
 .text          0x000003de      0x354 e:/amit_course/microcontroller_n_microprocessor_tools_n_work/eclipse/sdk_win_64/winavr/bin/../lib/gcc/avr/4.3.3/avr5\libgcc.a(_addsub_sf.o)
                0x00000676                __subsf3
                0x000006d8                __addsf3
 .text          0x00000732      0x1f4 e:/amit_course/microcontroller_n_microprocessor_tools_n_work/eclipse/sdk_win_64/winavr/bin/../lib/gcc/avr/4.3.3/avr5\libgcc.a(_mul_sf.o)
                0x00000732                __mulsf3
 .text          0x00000926      0x158 e:/amit_course/microcontroller_n_microprocessor_tools_n_work/eclipse/sdk_win_64/winavr/bin/../lib/gcc/avr/4.3.3/avr5\libgcc.a(_div_sf.o)
                0x00000926                __divsf3
 .text          0x00000a7e       0x60 e:/amit_course/microcontroller_n_microprocessor_tools_n_work/eclipse/sdk_win_64/winavr/bin/../lib/gcc/avr/4.3.3/avr5\libgcc.a(_eq_sf.o)
                0x00000a7e                __eqsf2
 .text          0x00000ade       0x60 e:/amit_course/microcontroller_n_microprocessor_tools_n_work/eclipse/sdk_win_64/winavr/bin/../lib/gcc/avr/4.3.3/avr5\libgcc.a(_gt_sf.o)
                0x00000ade                __gtsf2
 .text          0x00000b3e       0x60 e:/amit_course/microcontroller_n_microprocessor_tools_n_work/eclipse/sdk_win_64/winavr/bin/../lib/gcc/avr/4.3.3/avr5\libgcc.a(_ge_sf.o)
                0x00000b3e                __gesf2
 .text          0x00000b9e       0x60 e:/amit_course/microcontroller_n_microprocessor_tools_n_work/eclipse/sdk_win_64/winavr/bin/../lib/gcc/avr/4.3.3/avr5\libgcc.a(_lt_sf.o)
                0x00000b9e                __ltsf2
 .text          0x00000bfe       0xbc e:/amit_course/microcontroller_n_microprocessor_tools_n_work/eclipse/sdk_win_64/winavr/bin/../lib/gcc/avr/4.3.3/avr5\libgcc.a(_si_to_sf.o)
                0x00000bfe                __floatsisf
 .text          0x00000cba       0xa8 e:/amit_course/microcontroller_n_microprocessor_tools_n_work/eclipse/sdk_win_64/winavr/bin/../lib/gcc/avr/4.3.3/avr5\libgcc.a(_sf_to_si.o)
                0x00000cba                __fixsfsi
 .text          0x00000d62        0x0 e:/amit_course/microcontroller_n_microprocessor_tools_n_work/eclipse/sdk_win_64/winavr/bin/../lib/gcc/avr/4.3.3/avr5\libgcc.a(_thenan_sf.o)
 .text          0x00000d62       0xf2 e:/amit_course/microcontroller_n_microprocessor_tools_n_work/eclipse/sdk_win_64/winavr/bin/../lib/gcc/avr/4.3.3/avr5\libgcc.a(_usi_to_sf.o)
                0x00000d62                __floatunsisf
 .text          0x00000e54        0x0 e:/amit_course/microcontroller_n_microprocessor_tools_n_work/eclipse/sdk_win_64/winavr/bin/../lib/gcc/avr/4.3.3/avr5\libgcc.a(_prologue.o)
 .text          0x00000e54        0x0 e:/amit_course/microcontroller_n_microprocessor_tools_n_work/eclipse/sdk_win_64/winavr/bin/../lib/gcc/avr/4.3.3/avr5\libgcc.a(_epilogue.o)
 .text          0x00000e54       0x9e e:/amit_course/microcontroller_n_microprocessor_tools_n_work/eclipse/sdk_win_64/winavr/bin/../lib/gcc/avr/4.3.3/avr5\libgcc.a(_clzsi2.o)
                0x00000e54                __clzsi2
 .text          0x00000ef2      0x1aa e:/amit_course/microcontroller_n_microprocessor_tools_n_work/eclipse/sdk_win_64/winavr/bin/../lib/gcc/avr/4.3.3/avr5\libgcc.a(_pack_sf.o)
                0x00000ef2                __pack_f
 .text          0x0000109c       0xf0 e:/amit_course/microcontroller_n_microprocessor_tools_n_work/eclipse/sdk_win_64/winavr/bin/../lib/gcc/avr/4.3.3/avr5\libgcc.a(_unpack_sf.o)
                0x0000109c                __unpack_f
 .text          0x0000118c       0xb2 e:/amit_course/microcontroller_n_microprocessor_tools_n_work/eclipse/sdk_win_64/winavr/bin/../lib/gcc/avr/4.3.3/avr5\libgcc.a(_fpcmp_parts_sf.o)
                0x0000118c                __fpcmp_parts_f
 .text          0x0000123e        0x0 e:/amit_course/microcontroller_n_microprocessor_tools_n_work/eclipse/sdk_win_64/winavr/bin/../lib/gcc/avr/4.3.3/avr5\libgcc.a(_clz.o)
                0x0000123e                . = ALIGN (0x2)
 *(.text.*)
 .text.TIMER_enuInit
                0x0000123e      0x130 ./MCAL/TIMER/TIMER_prog.o
                0x0000123e                TIMER_enuInit
 .text.TIMER_enuSetWaveGenMode
                0x0000136e       0x50 ./MCAL/TIMER/TIMER_prog.o
                0x0000136e                TIMER_enuSetWaveGenMode
 .text.TIMER_enuSetPrescaler
                0x000013be       0x4c ./MCAL/TIMER/TIMER_prog.o
                0x000013be                TIMER_enuSetPrescaler
 .text.TIMER_enuSetCompNonPWMMode
                0x0000140a       0x50 ./MCAL/TIMER/TIMER_prog.o
                0x0000140a                TIMER_enuSetCompNonPWMMode
 .text.TIMER_enuSyncDelayms
                0x0000145a      0x2d6 ./MCAL/TIMER/TIMER_prog.o
                0x0000145a                TIMER_enuSyncDelayms
 .text.TIMER_enuAsyncDelayms
                0x00001730       0x64 ./MCAL/TIMER/TIMER_prog.o
                0x00001730                TIMER_enuAsyncDelayms
 .text.TIMER_enuSetOCRValue
                0x00001794       0x62 ./MCAL/TIMER/TIMER_prog.o
                0x00001794                TIMER_enuSetOCRValue
 .text.TIMER_enuGetTimerCounts
                0x000017f6       0x80 ./MCAL/TIMER/TIMER_prog.o
                0x000017f6                TIMER_enuGetTimerCounts
 .text.TIMER_enuOCEnable
                0x00001876       0x4a ./MCAL/TIMER/TIMER_prog.o
                0x00001876                TIMER_enuOCEnable
 .text.TIMER_enuOCDisable
                0x000018c0       0x4a ./MCAL/TIMER/TIMER_prog.o
                0x000018c0                TIMER_enuOCDisable
 .text.TIMER_enuOVFEnable
                0x0000190a       0x4a ./MCAL/TIMER/TIMER_prog.o
                0x0000190a                TIMER_enuOVFEnable
 .text.TIMER_enuOVFDisable
                0x00001954       0x4a ./MCAL/TIMER/TIMER_prog.o
                0x00001954                TIMER_enuOVFDisable
 .text.TIMER_enuInterruptDisable
                0x0000199e       0x4a ./MCAL/TIMER/TIMER_prog.o
                0x0000199e                TIMER_enuInterruptDisable
 .text.TIMER_enuDisable
                0x000019e8       0x48 ./MCAL/TIMER/TIMER_prog.o
                0x000019e8                TIMER_enuDisable
 .text.TIMER_enuSetCallBack
                0x00001a30       0x5c ./MCAL/TIMER/TIMER_prog.o
                0x00001a30                TIMER_enuSetCallBack
 .text.enuSetWaveGenMode
                0x00001a8c       0xca ./MCAL/TIMER/TIMER_prog.o
 .text.enuSetPrescaler
                0x00001b56      0x12c ./MCAL/TIMER/TIMER_prog.o
 .text.enuSetCompNonPWMMode
                0x00001c82       0xca ./MCAL/TIMER/TIMER_prog.o
 .text.enuSetInterruptMode
                0x00001d4c       0xae ./MCAL/TIMER/TIMER_prog.o
 .text.enuCalculateOVFNOCR
                0x00001dfa      0x3d8 ./MCAL/TIMER/TIMER_prog.o
 .text.__vector_10
                0x000021d2       0xa4 ./MCAL/TIMER/TIMER_prog.o
                0x000021d2                __vector_10
 .text.__vector_11
                0x00002276       0x90 ./MCAL/TIMER/TIMER_prog.o
                0x00002276                __vector_11
 .text.GIE_vidEnable
                0x00002306       0x1c ./MCAL/GIE/GIE_prog.o
                0x00002306                GIE_vidEnable
 .text.GIE_vidDisable
                0x00002322       0x1c ./MCAL/GIE/GIE_prog.o
                0x00002322                GIE_vidDisable
 .text.EXTI_enuInit
                0x0000233e       0xa0 ./MCAL/EXTI/EXTI_prog.o
                0x0000233e                EXTI_enuInit
 .text.EXTI_enuSetSenseLevel
                0x000023de       0x2c ./MCAL/EXTI/EXTI_prog.o
                0x000023de                EXTI_enuSetSenseLevel
 .text.EXTI_enuEnableInterrupt
                0x0000240a       0x26 ./MCAL/EXTI/EXTI_prog.o
                0x0000240a                EXTI_enuEnableInterrupt
 .text.EXTI_enuDisableInterrupt
                0x00002430       0x26 ./MCAL/EXTI/EXTI_prog.o
                0x00002430                EXTI_enuDisableInterrupt
 .text.EXTI_enuSetCallBack
                0x00002456       0x82 ./MCAL/EXTI/EXTI_prog.o
                0x00002456                EXTI_enuSetCallBack
 .text.enuSetSenseLevel
                0x000024d8      0x17c ./MCAL/EXTI/EXTI_prog.o
 .text.enuSetIntMode
                0x00002654       0xde ./MCAL/EXTI/EXTI_prog.o
 .text.__vector_1
                0x00002732       0x6e ./MCAL/EXTI/EXTI_prog.o
                0x00002732                __vector_1
 .text.__vector_2
                0x000027a0       0x6e ./MCAL/EXTI/EXTI_prog.o
                0x000027a0                __vector_2
 .text.__vector_3
                0x0000280e       0x6e ./MCAL/EXTI/EXTI_prog.o
                0x0000280e                __vector_3
 .text.DIO_enuInit
                0x0000287c       0x18 ./MCAL/DIO/DIO_prog.o
                0x0000287c                DIO_enuInit
 .text.DIO_enuSetPinDirection
                0x00002894      0x1d8 ./MCAL/DIO/DIO_prog.o
                0x00002894                DIO_enuSetPinDirection
 .text.DIO_enuSetPinValue
                0x00002a6c      0x1ee ./MCAL/DIO/DIO_prog.o
                0x00002a6c                DIO_enuSetPinValue
 .text.DIO_enuTogglePinValue
                0x00002c5a      0x11c ./MCAL/DIO/DIO_prog.o
                0x00002c5a                DIO_enuTogglePinValue
 .text.DIO_enuGetPinValue
                0x00002d76      0x13c ./MCAL/DIO/DIO_prog.o
                0x00002d76                DIO_enuGetPinValue
 .text.ADC_enuInit
                0x00002eb2       0xcc ./MCAL/ADC/ADC_prog.o
                0x00002eb2                ADC_enuInit
 .text.ADC_enuReadPolling
                0x00002f7e       0xf8 ./MCAL/ADC/ADC_prog.o
                0x00002f7e                ADC_enuReadPolling
 .text.ADC_enuStartConversion
                0x00003076       0x34 ./MCAL/ADC/ADC_prog.o
                0x00003076                ADC_enuStartConversion
 .text.ADC_enuSetADCChannel
                0x000030aa       0x48 ./MCAL/ADC/ADC_prog.o
                0x000030aa                ADC_enuSetADCChannel
 .text.ADC_enuReadInterrupt
                0x000030f2       0x86 ./MCAL/ADC/ADC_prog.o
                0x000030f2                ADC_enuReadInterrupt
 .text.ADC_enuReadInterruptHigh
                0x00003178       0x4c ./MCAL/ADC/ADC_prog.o
                0x00003178                ADC_enuReadInterruptHigh
 .text.ADC_enuSetTriggerSource
                0x000031c4       0x7a ./MCAL/ADC/ADC_prog.o
                0x000031c4                ADC_enuSetTriggerSource
 .text.ADC_enuClearTriggerSource
                0x0000323e       0x26 ./MCAL/ADC/ADC_prog.o
                0x0000323e                ADC_enuClearTriggerSource
 .text.ADC_enuSetPrescaler
                0x00003264       0x78 ./MCAL/ADC/ADC_prog.o
                0x00003264                ADC_enuSetPrescaler
 .text.ADC_enuSetIterruptMode
                0x000032dc       0x90 ./MCAL/ADC/ADC_prog.o
                0x000032dc                ADC_enuSetIterruptMode
 .text.ADC_enuInterruptEnable
                0x0000336c       0x26 ./MCAL/ADC/ADC_prog.o
                0x0000336c                ADC_enuInterruptEnable
 .text.ADC_enuInterruptDisable
                0x00003392       0x26 ./MCAL/ADC/ADC_prog.o
                0x00003392                ADC_enuInterruptDisable
 .text.ADC_enuADCEnable
                0x000033b8       0x26 ./MCAL/ADC/ADC_prog.o
                0x000033b8                ADC_enuADCEnable
 .text.ADC_enuADCDisable
                0x000033de       0x26 ./MCAL/ADC/ADC_prog.o
                0x000033de                ADC_enuADCDisable
 .text.ADC_enuSetCallBack
                0x00003404       0x5a ./MCAL/ADC/ADC_prog.o
                0x00003404                ADC_enuSetCallBack
 .text.__vector_16
                0x0000345e       0x62 ./MCAL/ADC/ADC_prog.o
                0x0000345e                __vector_16
 .text.Switch_enuInit
                0x000034c0       0x70 ./HAL/Switch/Switch_prog.o
                0x000034c0                Switch_enuInit
 .text.Switch_enuGetSwitchState
                0x00003530       0x84 ./HAL/Switch/Switch_prog.o
                0x00003530                Switch_enuGetSwitchState
 .text.Led_enuInit
                0x000035b4       0xcc ./HAL/Led/Led_prog.o
                0x000035b4                Led_enuInit
 .text.Led_enuLedTurnON
                0x00003680       0x68 ./HAL/Led/Led_prog.o
                0x00003680                Led_enuLedTurnON
 .text.Led_enuLedTurnOFF
                0x000036e8       0x68 ./HAL/Led/Led_prog.o
                0x000036e8                Led_enuLedTurnOFF
 .text.Led_enuLedToggle
                0x00003750       0x66 ./HAL/Led/Led_prog.o
                0x00003750                Led_enuLedToggle
 .text.Lcd_enuInit
                0x000037b6      0x2b6 ./HAL/Lcd/Lcd_prog.o
                0x000037b6                Lcd_enuInit
 .text.Lcd_enuSendCommand
                0x00003a6c       0x36 ./HAL/Lcd/Lcd_prog.o
                0x00003a6c                Lcd_enuSendCommand
 .text.Lcd_enuSendData
                0x00003aa2       0x36 ./HAL/Lcd/Lcd_prog.o
                0x00003aa2                Lcd_enuSendData
 .text.Lcd_enuSendString
                0x00003ad8       0x5c ./HAL/Lcd/Lcd_prog.o
                0x00003ad8                Lcd_enuSendString
 .text.Lcd_enuSetCursor
                0x00003b34       0x70 ./HAL/Lcd/Lcd_prog.o
                0x00003b34                Lcd_enuSetCursor
 .text.Lcd_enuDrawSpecialChar
                0x00003ba4      0x12e ./HAL/Lcd/Lcd_prog.o
                0x00003ba4                Lcd_enuDrawSpecialChar
 .text.Lcd_enuWriteIntegarNum
                0x00003cd2       0x32 ./HAL/Lcd/Lcd_prog.o
                0x00003cd2                Lcd_enuWriteIntegarNum
 .text.Lcd_enuWriteFloatNum
                0x00003d04       0xf8 ./HAL/Lcd/Lcd_prog.o
                0x00003d04                Lcd_enuWriteFloatNum
 .text.enuDisplayNum
                0x00003dfc       0xb0 ./HAL/Lcd/Lcd_prog.o
 .text.enuIntToString
                0x00003eac      0x1b8 ./HAL/Lcd/Lcd_prog.o
 .text.enuWriteNLatch
                0x00004064      0x3cc ./HAL/Lcd/Lcd_prog.o
 .text.Keypad_enuInit
                0x00004430      0x146 ./HAL/Keypad/Keypad_prog.o
                0x00004430                Keypad_enuInit
 .text.Keypad_enuGetPressedKey
                0x00004576      0x312 ./HAL/Keypad/Keypad_prog.o
                0x00004576                Keypad_enuGetPressedKey
 .text.HexaDecoder_enuInit
                0x00004888       0xd4 ./HAL/HexaDecoder/HexaDecoder_prog.o
                0x00004888                HexaDecoder_enuInit
 .text.HexaDecoder_enuDisplayNum
                0x0000495c       0xd2 ./HAL/HexaDecoder/HexaDecoder_prog.o
                0x0000495c                HexaDecoder_enuDisplayNum
 .text.HexaDecoder_enuEnableSSG
                0x00004a2e       0x48 ./HAL/HexaDecoder/HexaDecoder_prog.o
                0x00004a2e                HexaDecoder_enuEnableSSG
 .text.HexaDecoder_enuDisableSSG
                0x00004a76       0x48 ./HAL/HexaDecoder/HexaDecoder_prog.o
                0x00004a76                HexaDecoder_enuDisableSSG
 .text.HexaDecoder_enuStopDisplay
                0x00004abe       0x8c ./HAL/HexaDecoder/HexaDecoder_prog.o
                0x00004abe                HexaDecoder_enuStopDisplay
 .text.Buzzer_enuInit
                0x00004b4a       0x18 ./HAL/Buzzer/Buzzer_prog.o
                0x00004b4a                Buzzer_enuInit
 .text.Buzzer_enuAlertActivator
                0x00004b62       0x18 ./HAL/Buzzer/Buzzer_prog.o
                0x00004b62                Buzzer_enuAlertActivator
 .text.Buzzer_enuSilenceDeactivation
                0x00004b7a       0x18 ./HAL/Buzzer/Buzzer_prog.o
                0x00004b7a                Buzzer_enuSilenceDeactivation
 .text.TrafficLight_enuInit
                0x00004b92       0x24 ./APP/TrafficLight/TrafficLight_prog.o
                0x00004b92                TrafficLight_enuInit
 .text.TrafficLight_enuTrafficON
                0x00004bb6      0x166 ./APP/TrafficLight/TrafficLight_prog.o
                0x00004bb6                TrafficLight_enuTrafficON
 .text.TrafficLight_enuTrafficOFF
                0x00004d1c       0x1c ./APP/TrafficLight/TrafficLight_prog.o
                0x00004d1c                TrafficLight_enuTrafficOFF
 .text.TrafficLight_enuTrafficStatus
                0x00004d38       0x3e ./APP/TrafficLight/TrafficLight_prog.o
                0x00004d38                TrafficLight_enuTrafficStatus
 .text.POV_enuInit
                0x00004d76       0x12 ./APP/POV/POV_prog.o
                0x00004d76                POV_enuInit
 .text.POV_enuDisplayNum
                0x00004d88      0x246 ./APP/POV/POV_prog.o
                0x00004d88                POV_enuDisplayNum
 .text.LoginSystem_enuInit
                0x00004fce       0x64 ./APP/LoginSystem/LoginSystem_prog.o
                0x00004fce                LoginSystem_enuInit
 .text.LoginSystem_enuWelcomePage
                0x00005032      0x134 ./APP/LoginSystem/LoginSystem_prog.o
                0x00005032                LoginSystem_enuWelcomePage
 .text.LoginSystem_enuEnterPassPage
                0x00005166      0x636 ./APP/LoginSystem/LoginSystem_prog.o
                0x00005166                LoginSystem_enuEnterPassPage
 .text.LoginSystem_enuMainDashBoard
                0x0000579c      0xda4 ./APP/LoginSystem/LoginSystem_prog.o
                0x0000579c                LoginSystem_enuMainDashBoard
 .text.enuOptionPage
                0x00006540      0x19a ./APP/LoginSystem/LoginSystem_prog.o
 .text.enuSendDataAtCursorLocation
                0x000066da       0x3c ./APP/LoginSystem/LoginSystem_prog.o
 .text.enuDisplayTemprature
                0x00006716      0x170 ./APP/LoginSystem/LoginSystem_prog.o
 .text.clickGlow_enuInit
                0x00006886       0x1c ./APP/ClickGlow/ClickGlow_prog.o
                0x00006886                clickGlow_enuInit
 .text.Calculator_enuInit
                0x000068a2      0x134 ./APP/Calculator/Calculator_prog.o
                0x000068a2                Calculator_enuInit
 .text.Calculator_enuPowerCalculator
                0x000069d6      0x5b6 ./APP/Calculator/Calculator_prog.o
                0x000069d6                Calculator_enuPowerCalculator
 .text.enuArraytoInteger
                0x00006f8c      0x148 ./APP/Calculator/Calculator_prog.o
 .text.Animation_enuInit
                0x000070d4      0x1dc ./APP/Animation/Animation.prog.o
                0x000070d4                Animation_enuInit
 .text.Animation_enuBeginAnimat
                0x000072b0      0x260 ./APP/Animation/Animation.prog.o
                0x000072b0                Animation_enuBeginAnimat
 .text.vidISRFunc
                0x00007510       0x34 ./main.o
                0x00007510                vidISRFunc
 .text.main     0x00007544       0x56 ./main.o
                0x00007544                main
 .text.libgcc   0x0000759a       0x3e e:/amit_course/microcontroller_n_microprocessor_tools_n_work/eclipse/sdk_win_64/winavr/bin/../lib/gcc/avr/4.3.3/avr5\libgcc.a(_mulsi3.o)
                0x0000759a                __mulsi3
 .text.libgcc   0x000075d8       0x18 e:/amit_course/microcontroller_n_microprocessor_tools_n_work/eclipse/sdk_win_64/winavr/bin/../lib/gcc/avr/4.3.3/avr5\libgcc.a(_udivmodqi4.o)
                0x000075d8                __udivmodqi4
 .text.libgcc   0x000075f0       0x28 e:/amit_course/microcontroller_n_microprocessor_tools_n_work/eclipse/sdk_win_64/winavr/bin/../lib/gcc/avr/4.3.3/avr5\libgcc.a(_udivmodhi4.o)
                0x000075f0                __udivmodhi4
 .text.libgcc   0x00007618       0x44 e:/amit_course/microcontroller_n_microprocessor_tools_n_work/eclipse/sdk_win_64/winavr/bin/../lib/gcc/avr/4.3.3/avr5\libgcc.a(_udivmodsi4.o)
                0x00007618                __udivmodsi4
 .text.libgcc   0x0000765c       0x36 e:/amit_course/microcontroller_n_microprocessor_tools_n_work/eclipse/sdk_win_64/winavr/bin/../lib/gcc/avr/4.3.3/avr5\libgcc.a(_divmodsi4.o)
                0x0000765c                __divmodsi4
 .text.libgcc   0x00007692        0x0 e:/amit_course/microcontroller_n_microprocessor_tools_n_work/eclipse/sdk_win_64/winavr/bin/../lib/gcc/avr/4.3.3/avr5\libgcc.a(_exit.o)
 .text.libgcc   0x00007692        0x0 e:/amit_course/microcontroller_n_microprocessor_tools_n_work/eclipse/sdk_win_64/winavr/bin/../lib/gcc/avr/4.3.3/avr5\libgcc.a(_copy_data.o)
 .text.libgcc   0x00007692        0x0 e:/amit_course/microcontroller_n_microprocessor_tools_n_work/eclipse/sdk_win_64/winavr/bin/../lib/gcc/avr/4.3.3/avr5\libgcc.a(_clear_bss.o)
 .text.libgcc   0x00007692       0x38 e:/amit_course/microcontroller_n_microprocessor_tools_n_work/eclipse/sdk_win_64/winavr/bin/../lib/gcc/avr/4.3.3/avr5\libgcc.a(_prologue.o)
                0x00007692                __prologue_saves__
 .text.libgcc   0x000076ca       0x36 e:/amit_course/microcontroller_n_microprocessor_tools_n_work/eclipse/sdk_win_64/winavr/bin/../lib/gcc/avr/4.3.3/avr5\libgcc.a(_epilogue.o)
                0x000076ca                __epilogue_restores__
                0x00007700                . = ALIGN (0x2)
 *(.fini9)
 .fini9         0x00007700        0x0 e:/amit_course/microcontroller_n_microprocessor_tools_n_work/eclipse/sdk_win_64/winavr/bin/../lib/gcc/avr/4.3.3/avr5\libgcc.a(_exit.o)
                0x00007700                exit
                0x00007700                _exit
 *(.fini9)
 *(.fini8)
 *(.fini8)
 *(.fini7)
 *(.fini7)
 *(.fini6)
 *(.fini6)
 *(.fini5)
 *(.fini5)
 *(.fini4)
 *(.fini4)
 *(.fini3)
 *(.fini3)
 *(.fini2)
 *(.fini2)
 *(.fini1)
 *(.fini1)
 *(.fini0)
 .fini0         0x00007700        0x4 e:/amit_course/microcontroller_n_microprocessor_tools_n_work/eclipse/sdk_win_64/winavr/bin/../lib/gcc/avr/4.3.3/avr5\libgcc.a(_exit.o)
 *(.fini0)
                0x00007704                _etext = .

.data           0x00800060      0x2c6 load address 0x00007704
                0x00800060                PROVIDE (__data_start, .)
 *(.data)
 .data          0x00800060        0x0 e:/amit_course/microcontroller_n_microprocessor_tools_n_work/eclipse/sdk_win_64/winavr/bin/../lib/gcc/avr/4.3.3/../../../../avr/lib/avr5/crtm32.o
 .data          0x00800060        0x0 ./MCAL/TIMER/TIMER_config.o
 .data          0x00800060        0x0 ./MCAL/TIMER/TIMER_prog.o
 .data          0x00800060        0x0 ./MCAL/GIE/GIE_prog.o
 .data          0x00800060        0x0 ./MCAL/EXTI/EXTI_config.o
 .data          0x00800060        0x0 ./MCAL/EXTI/EXTI_prog.o
 .data          0x00800060        0x0 ./MCAL/DIO/DIO_prog.o
 .data          0x00800060        0x0 ./MCAL/ADC/ADC_prog.o
 .data          0x00800060        0x0 ./HAL/Switch/Switch_config.o
 .data          0x00800060        0x0 ./HAL/Switch/Switch_prog.o
 .data          0x00800060        0x0 ./HAL/Led/Led_config.o
 .data          0x00800060        0x0 ./HAL/Led/Led_prog.o
 .data          0x00800060        0x0 ./HAL/Lcd/Lcd_prog.o
 .data          0x00800060        0x0 ./HAL/Keypad/Keypad_prog.o
 .data          0x00800060        0x0 ./HAL/HexaDecoder/HexaDecoder_prog.o
 .data          0x00800060        0x0 ./HAL/Buzzer/Buzzer_prog.o
 .data          0x00800060        0x0 ./APP/TrafficLight/TrafficLight_prog.o
 .data          0x00800060        0x0 ./APP/POV/POV_prog.o
 .data          0x00800060      0x105 ./APP/LoginSystem/LoginSystem_prog.o
 .data          0x00800165        0x0 ./APP/ClickGlow/ClickGlow_prog.o
 .data          0x00800165       0x1e ./APP/Calculator/Calculator_prog.o
 .data          0x00800183        0xf ./APP/Animation/Animation.prog.o
 .data          0x00800192        0x0 ./main.o
 .data          0x00800192        0x0 e:/amit_course/microcontroller_n_microprocessor_tools_n_work/eclipse/sdk_win_64/winavr/bin/../lib/gcc/avr/4.3.3/avr5\libgcc.a(_mulsi3.o)
 .data          0x00800192        0x0 e:/amit_course/microcontroller_n_microprocessor_tools_n_work/eclipse/sdk_win_64/winavr/bin/../lib/gcc/avr/4.3.3/avr5\libgcc.a(_udivmodqi4.o)
 .data          0x00800192        0x0 e:/amit_course/microcontroller_n_microprocessor_tools_n_work/eclipse/sdk_win_64/winavr/bin/../lib/gcc/avr/4.3.3/avr5\libgcc.a(_udivmodhi4.o)
 .data          0x00800192        0x0 e:/amit_course/microcontroller_n_microprocessor_tools_n_work/eclipse/sdk_win_64/winavr/bin/../lib/gcc/avr/4.3.3/avr5\libgcc.a(_udivmodsi4.o)
 .data          0x00800192        0x0 e:/amit_course/microcontroller_n_microprocessor_tools_n_work/eclipse/sdk_win_64/winavr/bin/../lib/gcc/avr/4.3.3/avr5\libgcc.a(_divmodsi4.o)
 .data          0x00800192        0x0 e:/amit_course/microcontroller_n_microprocessor_tools_n_work/eclipse/sdk_win_64/winavr/bin/../lib/gcc/avr/4.3.3/avr5\libgcc.a(_exit.o)
 .data          0x00800192        0x0 e:/amit_course/microcontroller_n_microprocessor_tools_n_work/eclipse/sdk_win_64/winavr/bin/../lib/gcc/avr/4.3.3/avr5\libgcc.a(_copy_data.o)
 .data          0x00800192        0x0 e:/amit_course/microcontroller_n_microprocessor_tools_n_work/eclipse/sdk_win_64/winavr/bin/../lib/gcc/avr/4.3.3/avr5\libgcc.a(_clear_bss.o)
 .data          0x00800192        0x0 e:/amit_course/microcontroller_n_microprocessor_tools_n_work/eclipse/sdk_win_64/winavr/bin/../lib/gcc/avr/4.3.3/avr5\libgcc.a(_muldi3.o)
 .data          0x00800192        0x0 e:/amit_course/microcontroller_n_microprocessor_tools_n_work/eclipse/sdk_win_64/winavr/bin/../lib/gcc/avr/4.3.3/avr5\libgcc.a(_lshrdi3.o)
 .data          0x00800192        0x0 e:/amit_course/microcontroller_n_microprocessor_tools_n_work/eclipse/sdk_win_64/winavr/bin/../lib/gcc/avr/4.3.3/avr5\libgcc.a(_fixunssfsi.o)
 .data          0x00800192        0x0 e:/amit_course/microcontroller_n_microprocessor_tools_n_work/eclipse/sdk_win_64/winavr/bin/../lib/gcc/avr/4.3.3/avr5\libgcc.a(_addsub_sf.o)
 .data          0x00800192        0x0 e:/amit_course/microcontroller_n_microprocessor_tools_n_work/eclipse/sdk_win_64/winavr/bin/../lib/gcc/avr/4.3.3/avr5\libgcc.a(_mul_sf.o)
 .data          0x00800192        0x0 e:/amit_course/microcontroller_n_microprocessor_tools_n_work/eclipse/sdk_win_64/winavr/bin/../lib/gcc/avr/4.3.3/avr5\libgcc.a(_div_sf.o)
 .data          0x00800192        0x0 e:/amit_course/microcontroller_n_microprocessor_tools_n_work/eclipse/sdk_win_64/winavr/bin/../lib/gcc/avr/4.3.3/avr5\libgcc.a(_eq_sf.o)
 .data          0x00800192        0x0 e:/amit_course/microcontroller_n_microprocessor_tools_n_work/eclipse/sdk_win_64/winavr/bin/../lib/gcc/avr/4.3.3/avr5\libgcc.a(_gt_sf.o)
 .data          0x00800192        0x0 e:/amit_course/microcontroller_n_microprocessor_tools_n_work/eclipse/sdk_win_64/winavr/bin/../lib/gcc/avr/4.3.3/avr5\libgcc.a(_ge_sf.o)
 .data          0x00800192        0x0 e:/amit_course/microcontroller_n_microprocessor_tools_n_work/eclipse/sdk_win_64/winavr/bin/../lib/gcc/avr/4.3.3/avr5\libgcc.a(_lt_sf.o)
 .data          0x00800192        0x0 e:/amit_course/microcontroller_n_microprocessor_tools_n_work/eclipse/sdk_win_64/winavr/bin/../lib/gcc/avr/4.3.3/avr5\libgcc.a(_si_to_sf.o)
 .data          0x00800192        0x0 e:/amit_course/microcontroller_n_microprocessor_tools_n_work/eclipse/sdk_win_64/winavr/bin/../lib/gcc/avr/4.3.3/avr5\libgcc.a(_sf_to_si.o)
 .data          0x00800192        0x8 e:/amit_course/microcontroller_n_microprocessor_tools_n_work/eclipse/sdk_win_64/winavr/bin/../lib/gcc/avr/4.3.3/avr5\libgcc.a(_thenan_sf.o)
                0x00800192                __thenan_sf
 .data          0x0080019a        0x0 e:/amit_course/microcontroller_n_microprocessor_tools_n_work/eclipse/sdk_win_64/winavr/bin/../lib/gcc/avr/4.3.3/avr5\libgcc.a(_usi_to_sf.o)
 .data          0x0080019a        0x0 e:/amit_course/microcontroller_n_microprocessor_tools_n_work/eclipse/sdk_win_64/winavr/bin/../lib/gcc/avr/4.3.3/avr5\libgcc.a(_prologue.o)
 .data          0x0080019a        0x0 e:/amit_course/microcontroller_n_microprocessor_tools_n_work/eclipse/sdk_win_64/winavr/bin/../lib/gcc/avr/4.3.3/avr5\libgcc.a(_epilogue.o)
 .data          0x0080019a        0x0 e:/amit_course/microcontroller_n_microprocessor_tools_n_work/eclipse/sdk_win_64/winavr/bin/../lib/gcc/avr/4.3.3/avr5\libgcc.a(_clzsi2.o)
 .data          0x0080019a        0x0 e:/amit_course/microcontroller_n_microprocessor_tools_n_work/eclipse/sdk_win_64/winavr/bin/../lib/gcc/avr/4.3.3/avr5\libgcc.a(_pack_sf.o)
 .data          0x0080019a        0x0 e:/amit_course/microcontroller_n_microprocessor_tools_n_work/eclipse/sdk_win_64/winavr/bin/../lib/gcc/avr/4.3.3/avr5\libgcc.a(_unpack_sf.o)
 .data          0x0080019a        0x0 e:/amit_course/microcontroller_n_microprocessor_tools_n_work/eclipse/sdk_win_64/winavr/bin/../lib/gcc/avr/4.3.3/avr5\libgcc.a(_fpcmp_parts_sf.o)
 .data          0x0080019a      0x100 e:/amit_course/microcontroller_n_microprocessor_tools_n_work/eclipse/sdk_win_64/winavr/bin/../lib/gcc/avr/4.3.3/avr5\libgcc.a(_clz.o)
                0x0080019a                __clz_tab
 *(.data*)
 .data.LOC_au16PrescalerValues
                0x0080029a        0xa ./MCAL/TIMER/TIMER_config.o
 .data.TIMER_u8PinNum
                0x008002a4        0x1 ./MCAL/TIMER/TIMER_config.o
                0x008002a4                TIMER_u8PinNum
 .data.TIMER_astrTimerConfig
                0x008002a5        0x5 ./MCAL/TIMER/TIMER_config.o
                0x008002a5                TIMER_astrTimerConfig
 .data.LOC_au16PrescalerValues
                0x008002aa        0xa ./MCAL/TIMER/TIMER_prog.o
 .data.EXTI_u8EXTIPinNum
                0x008002b4        0x1 ./MCAL/EXTI/EXTI_config.o
                0x008002b4                EXTI_u8EXTIPinNum
 .data.EXTI_astrEXTIConfig
                0x008002b5        0x9 ./MCAL/EXTI/EXTI_config.o
                0x008002b5                EXTI_astrEXTIConfig
 .data.Switch_u8MaxSwitchNum
                0x008002be        0x1 ./HAL/Switch/Switch_config.o
                0x008002be                Switch_u8MaxSwitchNum
 .data.Switch_astrSwitchConfig
                0x008002bf        0x9 ./HAL/Switch/Switch_config.o
                0x008002bf                Switch_astrSwitchConfig
 .data.Led_u8MaxLedNum
                0x008002c8        0x1 ./HAL/Led/Led_config.o
                0x008002c8                Led_u8MaxLedNum
 .data.Led_astrLedConfig
                0x008002c9        0x9 ./HAL/Led/Led_config.o
                0x008002c9                Led_astrLedConfig
 .data.SLocal_u8Time
                0x008002d2        0x1 ./APP/TrafficLight/TrafficLight_prog.o
 *(.rodata)
 *(.rodata*)
 .rodata.C.2.1357
                0x008002d3       0x10 ./HAL/Keypad/Keypad_prog.o
 .rodata.C.32.1582
                0x008002e3        0x6 ./APP/LoginSystem/LoginSystem_prog.o
 .rodata.C.26.1576
                0x008002e9        0x6 ./APP/LoginSystem/LoginSystem_prog.o
 .rodata.C.8.1558
                0x008002ef        0x6 ./APP/LoginSystem/LoginSystem_prog.o
 .rodata.C.6.1556
                0x008002f5        0x8 ./APP/LoginSystem/LoginSystem_prog.o
 .rodata.C.3.1553
                0x008002fd        0x8 ./APP/LoginSystem/LoginSystem_prog.o
 .rodata.C.4.1334
                0x00800305        0x8 ./APP/Animation/Animation.prog.o
 .rodata.C.3.1333
                0x0080030d        0x8 ./APP/Animation/Animation.prog.o
 .rodata.C.2.1332
                0x00800315        0x8 ./APP/Animation/Animation.prog.o
 .rodata.C.1.1331
                0x0080031d        0x8 ./APP/Animation/Animation.prog.o
 *(.gnu.linkonce.d*)
                0x00800326                . = ALIGN (0x2)
 *fill*         0x00800325        0x1 00
                0x00800326                _edata = .
                0x00800326                PROVIDE (__data_end, .)

.bss            0x00800326       0x1f
                0x00800326                PROVIDE (__bss_start, .)
 *(.bss)
 .bss           0x00800326        0x0 e:/amit_course/microcontroller_n_microprocessor_tools_n_work/eclipse/sdk_win_64/winavr/bin/../lib/gcc/avr/4.3.3/../../../../avr/lib/avr5/crtm32.o
 .bss           0x00800326        0x0 ./MCAL/TIMER/TIMER_config.o
 .bss           0x00800326        0x0 ./MCAL/TIMER/TIMER_prog.o
 .bss           0x00800326        0x0 ./MCAL/GIE/GIE_prog.o
 .bss           0x00800326        0x0 ./MCAL/EXTI/EXTI_config.o
 .bss           0x00800326        0x0 ./MCAL/EXTI/EXTI_prog.o
 .bss           0x00800326        0x0 ./MCAL/DIO/DIO_prog.o
 .bss           0x00800326        0x0 ./MCAL/ADC/ADC_prog.o
 .bss           0x00800326        0x0 ./HAL/Switch/Switch_config.o
 .bss           0x00800326        0x0 ./HAL/Switch/Switch_prog.o
 .bss           0x00800326        0x0 ./HAL/Led/Led_config.o
 .bss           0x00800326        0x0 ./HAL/Led/Led_prog.o
 .bss           0x00800326        0x0 ./HAL/Lcd/Lcd_prog.o
 .bss           0x00800326        0x0 ./HAL/Keypad/Keypad_prog.o
 .bss           0x00800326        0x0 ./HAL/HexaDecoder/HexaDecoder_prog.o
 .bss           0x00800326        0x0 ./HAL/Buzzer/Buzzer_prog.o
 .bss           0x00800326        0x0 ./APP/TrafficLight/TrafficLight_prog.o
 .bss           0x00800326        0x0 ./APP/POV/POV_prog.o
 .bss           0x00800326        0x0 ./APP/LoginSystem/LoginSystem_prog.o
 .bss           0x00800326        0x0 ./APP/ClickGlow/ClickGlow_prog.o
 .bss           0x00800326        0x0 ./APP/Calculator/Calculator_prog.o
 .bss           0x00800326        0x0 ./APP/Animation/Animation.prog.o
 .bss           0x00800326        0x0 ./main.o
 .bss           0x00800326        0x0 e:/amit_course/microcontroller_n_microprocessor_tools_n_work/eclipse/sdk_win_64/winavr/bin/../lib/gcc/avr/4.3.3/avr5\libgcc.a(_mulsi3.o)
 .bss           0x00800326        0x0 e:/amit_course/microcontroller_n_microprocessor_tools_n_work/eclipse/sdk_win_64/winavr/bin/../lib/gcc/avr/4.3.3/avr5\libgcc.a(_udivmodqi4.o)
 .bss           0x00800326        0x0 e:/amit_course/microcontroller_n_microprocessor_tools_n_work/eclipse/sdk_win_64/winavr/bin/../lib/gcc/avr/4.3.3/avr5\libgcc.a(_udivmodhi4.o)
 .bss           0x00800326        0x0 e:/amit_course/microcontroller_n_microprocessor_tools_n_work/eclipse/sdk_win_64/winavr/bin/../lib/gcc/avr/4.3.3/avr5\libgcc.a(_udivmodsi4.o)
 .bss           0x00800326        0x0 e:/amit_course/microcontroller_n_microprocessor_tools_n_work/eclipse/sdk_win_64/winavr/bin/../lib/gcc/avr/4.3.3/avr5\libgcc.a(_divmodsi4.o)
 .bss           0x00800326        0x0 e:/amit_course/microcontroller_n_microprocessor_tools_n_work/eclipse/sdk_win_64/winavr/bin/../lib/gcc/avr/4.3.3/avr5\libgcc.a(_exit.o)
 .bss           0x00800326        0x0 e:/amit_course/microcontroller_n_microprocessor_tools_n_work/eclipse/sdk_win_64/winavr/bin/../lib/gcc/avr/4.3.3/avr5\libgcc.a(_copy_data.o)
 .bss           0x00800326        0x0 e:/amit_course/microcontroller_n_microprocessor_tools_n_work/eclipse/sdk_win_64/winavr/bin/../lib/gcc/avr/4.3.3/avr5\libgcc.a(_clear_bss.o)
 .bss           0x00800326        0x0 e:/amit_course/microcontroller_n_microprocessor_tools_n_work/eclipse/sdk_win_64/winavr/bin/../lib/gcc/avr/4.3.3/avr5\libgcc.a(_muldi3.o)
 .bss           0x00800326        0x0 e:/amit_course/microcontroller_n_microprocessor_tools_n_work/eclipse/sdk_win_64/winavr/bin/../lib/gcc/avr/4.3.3/avr5\libgcc.a(_lshrdi3.o)
 .bss           0x00800326        0x0 e:/amit_course/microcontroller_n_microprocessor_tools_n_work/eclipse/sdk_win_64/winavr/bin/../lib/gcc/avr/4.3.3/avr5\libgcc.a(_fixunssfsi.o)
 .bss           0x00800326        0x0 e:/amit_course/microcontroller_n_microprocessor_tools_n_work/eclipse/sdk_win_64/winavr/bin/../lib/gcc/avr/4.3.3/avr5\libgcc.a(_addsub_sf.o)
 .bss           0x00800326        0x0 e:/amit_course/microcontroller_n_microprocessor_tools_n_work/eclipse/sdk_win_64/winavr/bin/../lib/gcc/avr/4.3.3/avr5\libgcc.a(_mul_sf.o)
 .bss           0x00800326        0x0 e:/amit_course/microcontroller_n_microprocessor_tools_n_work/eclipse/sdk_win_64/winavr/bin/../lib/gcc/avr/4.3.3/avr5\libgcc.a(_div_sf.o)
 .bss           0x00800326        0x0 e:/amit_course/microcontroller_n_microprocessor_tools_n_work/eclipse/sdk_win_64/winavr/bin/../lib/gcc/avr/4.3.3/avr5\libgcc.a(_eq_sf.o)
 .bss           0x00800326        0x0 e:/amit_course/microcontroller_n_microprocessor_tools_n_work/eclipse/sdk_win_64/winavr/bin/../lib/gcc/avr/4.3.3/avr5\libgcc.a(_gt_sf.o)
 .bss           0x00800326        0x0 e:/amit_course/microcontroller_n_microprocessor_tools_n_work/eclipse/sdk_win_64/winavr/bin/../lib/gcc/avr/4.3.3/avr5\libgcc.a(_ge_sf.o)
 .bss           0x00800326        0x0 e:/amit_course/microcontroller_n_microprocessor_tools_n_work/eclipse/sdk_win_64/winavr/bin/../lib/gcc/avr/4.3.3/avr5\libgcc.a(_lt_sf.o)
 .bss           0x00800326        0x0 e:/amit_course/microcontroller_n_microprocessor_tools_n_work/eclipse/sdk_win_64/winavr/bin/../lib/gcc/avr/4.3.3/avr5\libgcc.a(_si_to_sf.o)
 .bss           0x00800326        0x0 e:/amit_course/microcontroller_n_microprocessor_tools_n_work/eclipse/sdk_win_64/winavr/bin/../lib/gcc/avr/4.3.3/avr5\libgcc.a(_sf_to_si.o)
 .bss           0x00800326        0x0 e:/amit_course/microcontroller_n_microprocessor_tools_n_work/eclipse/sdk_win_64/winavr/bin/../lib/gcc/avr/4.3.3/avr5\libgcc.a(_thenan_sf.o)
 .bss           0x00800326        0x0 e:/amit_course/microcontroller_n_microprocessor_tools_n_work/eclipse/sdk_win_64/winavr/bin/../lib/gcc/avr/4.3.3/avr5\libgcc.a(_usi_to_sf.o)
 .bss           0x00800326        0x0 e:/amit_course/microcontroller_n_microprocessor_tools_n_work/eclipse/sdk_win_64/winavr/bin/../lib/gcc/avr/4.3.3/avr5\libgcc.a(_prologue.o)
 .bss           0x00800326        0x0 e:/amit_course/microcontroller_n_microprocessor_tools_n_work/eclipse/sdk_win_64/winavr/bin/../lib/gcc/avr/4.3.3/avr5\libgcc.a(_epilogue.o)
 .bss           0x00800326        0x0 e:/amit_course/microcontroller_n_microprocessor_tools_n_work/eclipse/sdk_win_64/winavr/bin/../lib/gcc/avr/4.3.3/avr5\libgcc.a(_clzsi2.o)
 .bss           0x00800326        0x0 e:/amit_course/microcontroller_n_microprocessor_tools_n_work/eclipse/sdk_win_64/winavr/bin/../lib/gcc/avr/4.3.3/avr5\libgcc.a(_pack_sf.o)
 .bss           0x00800326        0x0 e:/amit_course/microcontroller_n_microprocessor_tools_n_work/eclipse/sdk_win_64/winavr/bin/../lib/gcc/avr/4.3.3/avr5\libgcc.a(_unpack_sf.o)
 .bss           0x00800326        0x0 e:/amit_course/microcontroller_n_microprocessor_tools_n_work/eclipse/sdk_win_64/winavr/bin/../lib/gcc/avr/4.3.3/avr5\libgcc.a(_fpcmp_parts_sf.o)
 .bss           0x00800326        0x0 e:/amit_course/microcontroller_n_microprocessor_tools_n_work/eclipse/sdk_win_64/winavr/bin/../lib/gcc/avr/4.3.3/avr5\libgcc.a(_clz.o)
 *(.bss*)
 .bss.LOC_pISRFunc
                0x00800326        0x2 ./MCAL/TIMER/TIMER_prog.o
 .bss.LOC_pISRFuncParameters
                0x00800328        0x2 ./MCAL/TIMER/TIMER_prog.o
 .bss.LOC_u16OVF
                0x0080032a        0x2 ./MCAL/TIMER/TIMER_prog.o
 .bss.LOC_u16OVFCounts
                0x0080032c        0x2 ./MCAL/TIMER/TIMER_prog.o
 .bss.LOC_u16OCRValue
                0x0080032e        0x2 ./MCAL/TIMER/TIMER_prog.o
 .bss.LOC_u16CTC
                0x00800330        0x2 ./MCAL/TIMER/TIMER_prog.o
 .bss.LOC_u16CTCCounts
                0x00800332        0x2 ./MCAL/TIMER/TIMER_prog.o
 .bss.LOC_u8Preload
                0x00800334        0x1 ./MCAL/TIMER/TIMER_prog.o
 .bss.LOC_apISRFunc
                0x00800335        0x6 ./MCAL/EXTI/EXTI_prog.o
 .bss.LOC_apISRFuncParameters
                0x0080033b        0x6 ./MCAL/EXTI/EXTI_prog.o
 .bss.LOC_pISRFunc
                0x00800341        0x2 ./MCAL/ADC/ADC_prog.o
 .bss.LOC_pISRFuncParameters
                0x00800343        0x2 ./MCAL/ADC/ADC_prog.o
 *(COMMON)
                0x00800345                PROVIDE (__bss_end, .)
                0x00007704                __data_load_start = LOADADDR (.data)
                0x000079ca                __data_load_end = (__data_load_start + SIZEOF (.data))

.noinit         0x00800345        0x0
                0x00800345                PROVIDE (__noinit_start, .)
 *(.noinit*)
                0x00800345                PROVIDE (__noinit_end, .)
                0x00800345                _end = .
                0x00800345                PROVIDE (__heap_start, .)

.eeprom         0x00810000        0x0
 *(.eeprom*)
                0x00810000                __eeprom_end = .

.fuse
 *(.fuse)
 *(.lfuse)
 *(.hfuse)
 *(.efuse)

.lock
 *(.lock*)

.signature
 *(.signature*)

.stab           0x00000000     0x97c8
 *(.stab)
 .stab          0x00000000      0x240 ./MCAL/TIMER/TIMER_config.o
 .stab          0x00000240     0x153c ./MCAL/TIMER/TIMER_prog.o
                               0x1650 (size before relaxing)
 .stab          0x0000177c      0x1ec ./MCAL/GIE/GIE_prog.o
                                0x1f8 (size before relaxing)
 .stab          0x00001968      0x228 ./MCAL/EXTI/EXTI_config.o
                                0x234 (size before relaxing)
 .stab          0x00001b90      0x828 ./MCAL/EXTI/EXTI_prog.o
                                0x93c (size before relaxing)
 .stab          0x000023b8      0x648 ./MCAL/DIO/DIO_prog.o
                                0x654 (size before relaxing)
 .stab          0x00002a00      0xc24 ./MCAL/ADC/ADC_prog.o
                                0xc30 (size before relaxing)
 .stab          0x00003624      0x1f8 ./HAL/Switch/Switch_config.o
                                0x204 (size before relaxing)
 .stab          0x0000381c      0x24c ./HAL/Switch/Switch_prog.o
                                0x33c (size before relaxing)
 .stab          0x00003a68      0x1f8 ./HAL/Led/Led_config.o
                                0x204 (size before relaxing)
 .stab          0x00003c60      0x360 ./HAL/Led/Led_prog.o
                                0x450 (size before relaxing)
 .stab          0x00003fc0     0x1200 ./HAL/Lcd/Lcd_prog.o
                               0x120c (size before relaxing)
 .stab          0x000051c0      0x5f4 ./HAL/Keypad/Keypad_prog.o
                                0x780 (size before relaxing)
 .stab          0x000057b4      0x654 ./HAL/HexaDecoder/HexaDecoder_prog.o
                                0x660 (size before relaxing)
 .stab          0x00005e08      0x24c ./HAL/Buzzer/Buzzer_prog.o
                                0x258 (size before relaxing)
 .stab          0x00006054      0x648 ./APP/TrafficLight/TrafficLight_prog.o
                                0x7e0 (size before relaxing)
 .stab          0x0000669c      0x468 ./APP/POV/POV_prog.o
                                0x600 (size before relaxing)
 .stab          0x00006b04     0x1758 ./APP/LoginSystem/LoginSystem_prog.o
                               0x18f0 (size before relaxing)
 .stab          0x0000825c      0x24c ./APP/ClickGlow/ClickGlow_prog.o
                                0x3e4 (size before relaxing)
 .stab          0x000084a8      0x9f0 ./APP/Calculator/Calculator_prog.o
                                0xb88 (size before relaxing)
 .stab          0x00008e98      0x5d0 ./APP/Animation/Animation.prog.o
                                0x768 (size before relaxing)
 .stab          0x00009468      0x360 ./main.o
                                0x4ec (size before relaxing)

.stabstr        0x00000000     0x35c2
 *(.stabstr)
 .stabstr       0x00000000     0x35c2 ./MCAL/TIMER/TIMER_config.o

.stab.excl
 *(.stab.excl)

.stab.exclstr
 *(.stab.exclstr)

.stab.index
 *(.stab.index)

.stab.indexstr
 *(.stab.indexstr)

.comment
 *(.comment)

.debug
 *(.debug)

.line
 *(.line)

.debug_srcinfo
 *(.debug_srcinfo)

.debug_sfnames
 *(.debug_sfnames)

.debug_aranges  0x00000000      0x220
 *(.debug_aranges)
 .debug_aranges
                0x00000000       0x20 e:/amit_course/microcontroller_n_microprocessor_tools_n_work/eclipse/sdk_win_64/winavr/bin/../lib/gcc/avr/4.3.3/avr5\libgcc.a(_muldi3.o)
 .debug_aranges
                0x00000020       0x20 e:/amit_course/microcontroller_n_microprocessor_tools_n_work/eclipse/sdk_win_64/winavr/bin/../lib/gcc/avr/4.3.3/avr5\libgcc.a(_lshrdi3.o)
 .debug_aranges
                0x00000040       0x20 e:/amit_course/microcontroller_n_microprocessor_tools_n_work/eclipse/sdk_win_64/winavr/bin/../lib/gcc/avr/4.3.3/avr5\libgcc.a(_fixunssfsi.o)
 .debug_aranges
                0x00000060       0x20 e:/amit_course/microcontroller_n_microprocessor_tools_n_work/eclipse/sdk_win_64/winavr/bin/../lib/gcc/avr/4.3.3/avr5\libgcc.a(_addsub_sf.o)
 .debug_aranges
                0x00000080       0x20 e:/amit_course/microcontroller_n_microprocessor_tools_n_work/eclipse/sdk_win_64/winavr/bin/../lib/gcc/avr/4.3.3/avr5\libgcc.a(_mul_sf.o)
 .debug_aranges
                0x000000a0       0x20 e:/amit_course/microcontroller_n_microprocessor_tools_n_work/eclipse/sdk_win_64/winavr/bin/../lib/gcc/avr/4.3.3/avr5\libgcc.a(_div_sf.o)
 .debug_aranges
                0x000000c0       0x20 e:/amit_course/microcontroller_n_microprocessor_tools_n_work/eclipse/sdk_win_64/winavr/bin/../lib/gcc/avr/4.3.3/avr5\libgcc.a(_eq_sf.o)
 .debug_aranges
                0x000000e0       0x20 e:/amit_course/microcontroller_n_microprocessor_tools_n_work/eclipse/sdk_win_64/winavr/bin/../lib/gcc/avr/4.3.3/avr5\libgcc.a(_gt_sf.o)
 .debug_aranges
                0x00000100       0x20 e:/amit_course/microcontroller_n_microprocessor_tools_n_work/eclipse/sdk_win_64/winavr/bin/../lib/gcc/avr/4.3.3/avr5\libgcc.a(_ge_sf.o)
 .debug_aranges
                0x00000120       0x20 e:/amit_course/microcontroller_n_microprocessor_tools_n_work/eclipse/sdk_win_64/winavr/bin/../lib/gcc/avr/4.3.3/avr5\libgcc.a(_lt_sf.o)
 .debug_aranges
                0x00000140       0x20 e:/amit_course/microcontroller_n_microprocessor_tools_n_work/eclipse/sdk_win_64/winavr/bin/../lib/gcc/avr/4.3.3/avr5\libgcc.a(_si_to_sf.o)
 .debug_aranges
                0x00000160       0x20 e:/amit_course/microcontroller_n_microprocessor_tools_n_work/eclipse/sdk_win_64/winavr/bin/../lib/gcc/avr/4.3.3/avr5\libgcc.a(_sf_to_si.o)
 .debug_aranges
                0x00000180       0x20 e:/amit_course/microcontroller_n_microprocessor_tools_n_work/eclipse/sdk_win_64/winavr/bin/../lib/gcc/avr/4.3.3/avr5\libgcc.a(_usi_to_sf.o)
 .debug_aranges
                0x000001a0       0x20 e:/amit_course/microcontroller_n_microprocessor_tools_n_work/eclipse/sdk_win_64/winavr/bin/../lib/gcc/avr/4.3.3/avr5\libgcc.a(_clzsi2.o)
 .debug_aranges
                0x000001c0       0x20 e:/amit_course/microcontroller_n_microprocessor_tools_n_work/eclipse/sdk_win_64/winavr/bin/../lib/gcc/avr/4.3.3/avr5\libgcc.a(_pack_sf.o)
 .debug_aranges
                0x000001e0       0x20 e:/amit_course/microcontroller_n_microprocessor_tools_n_work/eclipse/sdk_win_64/winavr/bin/../lib/gcc/avr/4.3.3/avr5\libgcc.a(_unpack_sf.o)
 .debug_aranges
                0x00000200       0x20 e:/amit_course/microcontroller_n_microprocessor_tools_n_work/eclipse/sdk_win_64/winavr/bin/../lib/gcc/avr/4.3.3/avr5\libgcc.a(_fpcmp_parts_sf.o)

.debug_pubnames
                0x00000000      0x271
 *(.debug_pubnames)
 .debug_pubnames
                0x00000000       0x1f e:/amit_course/microcontroller_n_microprocessor_tools_n_work/eclipse/sdk_win_64/winavr/bin/../lib/gcc/avr/4.3.3/avr5\libgcc.a(_muldi3.o)
 .debug_pubnames
                0x0000001f       0x20 e:/amit_course/microcontroller_n_microprocessor_tools_n_work/eclipse/sdk_win_64/winavr/bin/../lib/gcc/avr/4.3.3/avr5\libgcc.a(_lshrdi3.o)
 .debug_pubnames
                0x0000003f       0x23 e:/amit_course/microcontroller_n_microprocessor_tools_n_work/eclipse/sdk_win_64/winavr/bin/../lib/gcc/avr/4.3.3/avr5\libgcc.a(_fixunssfsi.o)
 .debug_pubnames
                0x00000062       0x2c e:/amit_course/microcontroller_n_microprocessor_tools_n_work/eclipse/sdk_win_64/winavr/bin/../lib/gcc/avr/4.3.3/avr5\libgcc.a(_addsub_sf.o)
 .debug_pubnames
                0x0000008e       0x1f e:/amit_course/microcontroller_n_microprocessor_tools_n_work/eclipse/sdk_win_64/winavr/bin/../lib/gcc/avr/4.3.3/avr5\libgcc.a(_mul_sf.o)
 .debug_pubnames
                0x000000ad       0x1f e:/amit_course/microcontroller_n_microprocessor_tools_n_work/eclipse/sdk_win_64/winavr/bin/../lib/gcc/avr/4.3.3/avr5\libgcc.a(_div_sf.o)
 .debug_pubnames
                0x000000cc       0x1e e:/amit_course/microcontroller_n_microprocessor_tools_n_work/eclipse/sdk_win_64/winavr/bin/../lib/gcc/avr/4.3.3/avr5\libgcc.a(_eq_sf.o)
 .debug_pubnames
                0x000000ea       0x1e e:/amit_course/microcontroller_n_microprocessor_tools_n_work/eclipse/sdk_win_64/winavr/bin/../lib/gcc/avr/4.3.3/avr5\libgcc.a(_gt_sf.o)
 .debug_pubnames
                0x00000108       0x1e e:/amit_course/microcontroller_n_microprocessor_tools_n_work/eclipse/sdk_win_64/winavr/bin/../lib/gcc/avr/4.3.3/avr5\libgcc.a(_ge_sf.o)
 .debug_pubnames
                0x00000126       0x1e e:/amit_course/microcontroller_n_microprocessor_tools_n_work/eclipse/sdk_win_64/winavr/bin/../lib/gcc/avr/4.3.3/avr5\libgcc.a(_lt_sf.o)
 .debug_pubnames
                0x00000144       0x22 e:/amit_course/microcontroller_n_microprocessor_tools_n_work/eclipse/sdk_win_64/winavr/bin/../lib/gcc/avr/4.3.3/avr5\libgcc.a(_si_to_sf.o)
 .debug_pubnames
                0x00000166       0x20 e:/amit_course/microcontroller_n_microprocessor_tools_n_work/eclipse/sdk_win_64/winavr/bin/../lib/gcc/avr/4.3.3/avr5\libgcc.a(_sf_to_si.o)
 .debug_pubnames
                0x00000186       0x22 e:/amit_course/microcontroller_n_microprocessor_tools_n_work/eclipse/sdk_win_64/winavr/bin/../lib/gcc/avr/4.3.3/avr5\libgcc.a(_thenan_sf.o)
 .debug_pubnames
                0x000001a8       0x24 e:/amit_course/microcontroller_n_microprocessor_tools_n_work/eclipse/sdk_win_64/winavr/bin/../lib/gcc/avr/4.3.3/avr5\libgcc.a(_usi_to_sf.o)
 .debug_pubnames
                0x000001cc       0x1f e:/amit_course/microcontroller_n_microprocessor_tools_n_work/eclipse/sdk_win_64/winavr/bin/../lib/gcc/avr/4.3.3/avr5\libgcc.a(_clzsi2.o)
 .debug_pubnames
                0x000001eb       0x1f e:/amit_course/microcontroller_n_microprocessor_tools_n_work/eclipse/sdk_win_64/winavr/bin/../lib/gcc/avr/4.3.3/avr5\libgcc.a(_pack_sf.o)
 .debug_pubnames
                0x0000020a       0x21 e:/amit_course/microcontroller_n_microprocessor_tools_n_work/eclipse/sdk_win_64/winavr/bin/../lib/gcc/avr/4.3.3/avr5\libgcc.a(_unpack_sf.o)
 .debug_pubnames
                0x0000022b       0x26 e:/amit_course/microcontroller_n_microprocessor_tools_n_work/eclipse/sdk_win_64/winavr/bin/../lib/gcc/avr/4.3.3/avr5\libgcc.a(_fpcmp_parts_sf.o)
 .debug_pubnames
                0x00000251       0x20 e:/amit_course/microcontroller_n_microprocessor_tools_n_work/eclipse/sdk_win_64/winavr/bin/../lib/gcc/avr/4.3.3/avr5\libgcc.a(_clz.o)

.debug_info     0x00000000     0x2c16
 *(.debug_info)
 .debug_info    0x00000000      0x206 e:/amit_course/microcontroller_n_microprocessor_tools_n_work/eclipse/sdk_win_64/winavr/bin/../lib/gcc/avr/4.3.3/avr5\libgcc.a(_muldi3.o)
 .debug_info    0x00000206      0x17f e:/amit_course/microcontroller_n_microprocessor_tools_n_work/eclipse/sdk_win_64/winavr/bin/../lib/gcc/avr/4.3.3/avr5\libgcc.a(_lshrdi3.o)
 .debug_info    0x00000385       0xb1 e:/amit_course/microcontroller_n_microprocessor_tools_n_work/eclipse/sdk_win_64/winavr/bin/../lib/gcc/avr/4.3.3/avr5\libgcc.a(_fixunssfsi.o)
 .debug_info    0x00000436      0x47a e:/amit_course/microcontroller_n_microprocessor_tools_n_work/eclipse/sdk_win_64/winavr/bin/../lib/gcc/avr/4.3.3/avr5\libgcc.a(_addsub_sf.o)
 .debug_info    0x000008b0      0x485 e:/amit_course/microcontroller_n_microprocessor_tools_n_work/eclipse/sdk_win_64/winavr/bin/../lib/gcc/avr/4.3.3/avr5\libgcc.a(_mul_sf.o)
 .debug_info    0x00000d35      0x3fc e:/amit_course/microcontroller_n_microprocessor_tools_n_work/eclipse/sdk_win_64/winavr/bin/../lib/gcc/avr/4.3.3/avr5\libgcc.a(_div_sf.o)
 .debug_info    0x00001131      0x27f e:/amit_course/microcontroller_n_microprocessor_tools_n_work/eclipse/sdk_win_64/winavr/bin/../lib/gcc/avr/4.3.3/avr5\libgcc.a(_eq_sf.o)
 .debug_info    0x000013b0      0x27f e:/amit_course/microcontroller_n_microprocessor_tools_n_work/eclipse/sdk_win_64/winavr/bin/../lib/gcc/avr/4.3.3/avr5\libgcc.a(_gt_sf.o)
 .debug_info    0x0000162f      0x27f e:/amit_course/microcontroller_n_microprocessor_tools_n_work/eclipse/sdk_win_64/winavr/bin/../lib/gcc/avr/4.3.3/avr5\libgcc.a(_ge_sf.o)
 .debug_info    0x000018ae      0x27f e:/amit_course/microcontroller_n_microprocessor_tools_n_work/eclipse/sdk_win_64/winavr/bin/../lib/gcc/avr/4.3.3/avr5\libgcc.a(_lt_sf.o)
 .debug_info    0x00001b2d      0x207 e:/amit_course/microcontroller_n_microprocessor_tools_n_work/eclipse/sdk_win_64/winavr/bin/../lib/gcc/avr/4.3.3/avr5\libgcc.a(_si_to_sf.o)
 .debug_info    0x00001d34      0x2b0 e:/amit_course/microcontroller_n_microprocessor_tools_n_work/eclipse/sdk_win_64/winavr/bin/../lib/gcc/avr/4.3.3/avr5\libgcc.a(_sf_to_si.o)
 .debug_info    0x00001fe4      0x12c e:/amit_course/microcontroller_n_microprocessor_tools_n_work/eclipse/sdk_win_64/winavr/bin/../lib/gcc/avr/4.3.3/avr5\libgcc.a(_thenan_sf.o)
 .debug_info    0x00002110      0x206 e:/amit_course/microcontroller_n_microprocessor_tools_n_work/eclipse/sdk_win_64/winavr/bin/../lib/gcc/avr/4.3.3/avr5\libgcc.a(_usi_to_sf.o)
 .debug_info    0x00002316      0x117 e:/amit_course/microcontroller_n_microprocessor_tools_n_work/eclipse/sdk_win_64/winavr/bin/../lib/gcc/avr/4.3.3/avr5\libgcc.a(_clzsi2.o)
 .debug_info    0x0000242d      0x2df e:/amit_course/microcontroller_n_microprocessor_tools_n_work/eclipse/sdk_win_64/winavr/bin/../lib/gcc/avr/4.3.3/avr5\libgcc.a(_pack_sf.o)
 .debug_info    0x0000270c      0x251 e:/amit_course/microcontroller_n_microprocessor_tools_n_work/eclipse/sdk_win_64/winavr/bin/../lib/gcc/avr/4.3.3/avr5\libgcc.a(_unpack_sf.o)
 .debug_info    0x0000295d      0x210 e:/amit_course/microcontroller_n_microprocessor_tools_n_work/eclipse/sdk_win_64/winavr/bin/../lib/gcc/avr/4.3.3/avr5\libgcc.a(_fpcmp_parts_sf.o)
 .debug_info    0x00002b6d       0xa9 e:/amit_course/microcontroller_n_microprocessor_tools_n_work/eclipse/sdk_win_64/winavr/bin/../lib/gcc/avr/4.3.3/avr5\libgcc.a(_clz.o)
 *(.gnu.linkonce.wi.*)

.debug_abbrev   0x00000000     0x1806
 *(.debug_abbrev)
 .debug_abbrev  0x00000000       0xf0 e:/amit_course/microcontroller_n_microprocessor_tools_n_work/eclipse/sdk_win_64/winavr/bin/../lib/gcc/avr/4.3.3/avr5\libgcc.a(_muldi3.o)
 .debug_abbrev  0x000000f0       0xee e:/amit_course/microcontroller_n_microprocessor_tools_n_work/eclipse/sdk_win_64/winavr/bin/../lib/gcc/avr/4.3.3/avr5\libgcc.a(_lshrdi3.o)
 .debug_abbrev  0x000001de       0x5d e:/amit_course/microcontroller_n_microprocessor_tools_n_work/eclipse/sdk_win_64/winavr/bin/../lib/gcc/avr/4.3.3/avr5\libgcc.a(_fixunssfsi.o)
 .debug_abbrev  0x0000023b      0x1ea e:/amit_course/microcontroller_n_microprocessor_tools_n_work/eclipse/sdk_win_64/winavr/bin/../lib/gcc/avr/4.3.3/avr5\libgcc.a(_addsub_sf.o)
 .debug_abbrev  0x00000425      0x21b e:/amit_course/microcontroller_n_microprocessor_tools_n_work/eclipse/sdk_win_64/winavr/bin/../lib/gcc/avr/4.3.3/avr5\libgcc.a(_mul_sf.o)
 .debug_abbrev  0x00000640      0x216 e:/amit_course/microcontroller_n_microprocessor_tools_n_work/eclipse/sdk_win_64/winavr/bin/../lib/gcc/avr/4.3.3/avr5\libgcc.a(_div_sf.o)
 .debug_abbrev  0x00000856      0x15a e:/amit_course/microcontroller_n_microprocessor_tools_n_work/eclipse/sdk_win_64/winavr/bin/../lib/gcc/avr/4.3.3/avr5\libgcc.a(_eq_sf.o)
 .debug_abbrev  0x000009b0      0x15a e:/amit_course/microcontroller_n_microprocessor_tools_n_work/eclipse/sdk_win_64/winavr/bin/../lib/gcc/avr/4.3.3/avr5\libgcc.a(_gt_sf.o)
 .debug_abbrev  0x00000b0a      0x15a e:/amit_course/microcontroller_n_microprocessor_tools_n_work/eclipse/sdk_win_64/winavr/bin/../lib/gcc/avr/4.3.3/avr5\libgcc.a(_ge_sf.o)
 .debug_abbrev  0x00000c64      0x15a e:/amit_course/microcontroller_n_microprocessor_tools_n_work/eclipse/sdk_win_64/winavr/bin/../lib/gcc/avr/4.3.3/avr5\libgcc.a(_lt_sf.o)
 .debug_abbrev  0x00000dbe      0x148 e:/amit_course/microcontroller_n_microprocessor_tools_n_work/eclipse/sdk_win_64/winavr/bin/../lib/gcc/avr/4.3.3/avr5\libgcc.a(_si_to_sf.o)
 .debug_abbrev  0x00000f06      0x17f e:/amit_course/microcontroller_n_microprocessor_tools_n_work/eclipse/sdk_win_64/winavr/bin/../lib/gcc/avr/4.3.3/avr5\libgcc.a(_sf_to_si.o)
 .debug_abbrev  0x00001085       0xad e:/amit_course/microcontroller_n_microprocessor_tools_n_work/eclipse/sdk_win_64/winavr/bin/../lib/gcc/avr/4.3.3/avr5\libgcc.a(_thenan_sf.o)
 .debug_abbrev  0x00001132      0x157 e:/amit_course/microcontroller_n_microprocessor_tools_n_work/eclipse/sdk_win_64/winavr/bin/../lib/gcc/avr/4.3.3/avr5\libgcc.a(_usi_to_sf.o)
 .debug_abbrev  0x00001289       0xc4 e:/amit_course/microcontroller_n_microprocessor_tools_n_work/eclipse/sdk_win_64/winavr/bin/../lib/gcc/avr/4.3.3/avr5\libgcc.a(_clzsi2.o)
 .debug_abbrev  0x0000134d      0x1c0 e:/amit_course/microcontroller_n_microprocessor_tools_n_work/eclipse/sdk_win_64/winavr/bin/../lib/gcc/avr/4.3.3/avr5\libgcc.a(_pack_sf.o)
 .debug_abbrev  0x0000150d      0x154 e:/amit_course/microcontroller_n_microprocessor_tools_n_work/eclipse/sdk_win_64/winavr/bin/../lib/gcc/avr/4.3.3/avr5\libgcc.a(_unpack_sf.o)
 .debug_abbrev  0x00001661      0x13b e:/amit_course/microcontroller_n_microprocessor_tools_n_work/eclipse/sdk_win_64/winavr/bin/../lib/gcc/avr/4.3.3/avr5\libgcc.a(_fpcmp_parts_sf.o)
 .debug_abbrev  0x0000179c       0x6a e:/amit_course/microcontroller_n_microprocessor_tools_n_work/eclipse/sdk_win_64/winavr/bin/../lib/gcc/avr/4.3.3/avr5\libgcc.a(_clz.o)

.debug_line     0x00000000     0x1564
 *(.debug_line)
 .debug_line    0x00000000       0xaf e:/amit_course/microcontroller_n_microprocessor_tools_n_work/eclipse/sdk_win_64/winavr/bin/../lib/gcc/avr/4.3.3/avr5\libgcc.a(_muldi3.o)
 .debug_line    0x000000af       0xd7 e:/amit_course/microcontroller_n_microprocessor_tools_n_work/eclipse/sdk_win_64/winavr/bin/../lib/gcc/avr/4.3.3/avr5\libgcc.a(_lshrdi3.o)
 .debug_line    0x00000186       0xa7 e:/amit_course/microcontroller_n_microprocessor_tools_n_work/eclipse/sdk_win_64/winavr/bin/../lib/gcc/avr/4.3.3/avr5\libgcc.a(_fixunssfsi.o)
 .debug_line    0x0000022d      0x2af e:/amit_course/microcontroller_n_microprocessor_tools_n_work/eclipse/sdk_win_64/winavr/bin/../lib/gcc/avr/4.3.3/avr5\libgcc.a(_addsub_sf.o)
 .debug_line    0x000004dc      0x239 e:/amit_course/microcontroller_n_microprocessor_tools_n_work/eclipse/sdk_win_64/winavr/bin/../lib/gcc/avr/4.3.3/avr5\libgcc.a(_mul_sf.o)
 .debug_line    0x00000715      0x1d5 e:/amit_course/microcontroller_n_microprocessor_tools_n_work/eclipse/sdk_win_64/winavr/bin/../lib/gcc/avr/4.3.3/avr5\libgcc.a(_div_sf.o)
 .debug_line    0x000008ea       0xd3 e:/amit_course/microcontroller_n_microprocessor_tools_n_work/eclipse/sdk_win_64/winavr/bin/../lib/gcc/avr/4.3.3/avr5\libgcc.a(_eq_sf.o)
 .debug_line    0x000009bd       0xd3 e:/amit_course/microcontroller_n_microprocessor_tools_n_work/eclipse/sdk_win_64/winavr/bin/../lib/gcc/avr/4.3.3/avr5\libgcc.a(_gt_sf.o)
 .debug_line    0x00000a90       0xd3 e:/amit_course/microcontroller_n_microprocessor_tools_n_work/eclipse/sdk_win_64/winavr/bin/../lib/gcc/avr/4.3.3/avr5\libgcc.a(_ge_sf.o)
 .debug_line    0x00000b63       0xd3 e:/amit_course/microcontroller_n_microprocessor_tools_n_work/eclipse/sdk_win_64/winavr/bin/../lib/gcc/avr/4.3.3/avr5\libgcc.a(_lt_sf.o)
 .debug_line    0x00000c36      0x135 e:/amit_course/microcontroller_n_microprocessor_tools_n_work/eclipse/sdk_win_64/winavr/bin/../lib/gcc/avr/4.3.3/avr5\libgcc.a(_si_to_sf.o)
 .debug_line    0x00000d6b      0x109 e:/amit_course/microcontroller_n_microprocessor_tools_n_work/eclipse/sdk_win_64/winavr/bin/../lib/gcc/avr/4.3.3/avr5\libgcc.a(_sf_to_si.o)
 .debug_line    0x00000e74       0x90 e:/amit_course/microcontroller_n_microprocessor_tools_n_work/eclipse/sdk_win_64/winavr/bin/../lib/gcc/avr/4.3.3/avr5\libgcc.a(_thenan_sf.o)
 .debug_line    0x00000f04      0x133 e:/amit_course/microcontroller_n_microprocessor_tools_n_work/eclipse/sdk_win_64/winavr/bin/../lib/gcc/avr/4.3.3/avr5\libgcc.a(_usi_to_sf.o)
 .debug_line    0x00001037       0xa5 e:/amit_course/microcontroller_n_microprocessor_tools_n_work/eclipse/sdk_win_64/winavr/bin/../lib/gcc/avr/4.3.3/avr5\libgcc.a(_clzsi2.o)
 .debug_line    0x000010dc      0x18a e:/amit_course/microcontroller_n_microprocessor_tools_n_work/eclipse/sdk_win_64/winavr/bin/../lib/gcc/avr/4.3.3/avr5\libgcc.a(_pack_sf.o)
 .debug_line    0x00001266      0x14b e:/amit_course/microcontroller_n_microprocessor_tools_n_work/eclipse/sdk_win_64/winavr/bin/../lib/gcc/avr/4.3.3/avr5\libgcc.a(_unpack_sf.o)
 .debug_line    0x000013b1      0x137 e:/amit_course/microcontroller_n_microprocessor_tools_n_work/eclipse/sdk_win_64/winavr/bin/../lib/gcc/avr/4.3.3/avr5\libgcc.a(_fpcmp_parts_sf.o)
 .debug_line    0x000014e8       0x7c e:/amit_course/microcontroller_n_microprocessor_tools_n_work/eclipse/sdk_win_64/winavr/bin/../lib/gcc/avr/4.3.3/avr5\libgcc.a(_clz.o)

.debug_frame    0x00000000      0x240
 *(.debug_frame)
 .debug_frame   0x00000000       0x20 e:/amit_course/microcontroller_n_microprocessor_tools_n_work/eclipse/sdk_win_64/winavr/bin/../lib/gcc/avr/4.3.3/avr5\libgcc.a(_muldi3.o)
 .debug_frame   0x00000020       0x20 e:/amit_course/microcontroller_n_microprocessor_tools_n_work/eclipse/sdk_win_64/winavr/bin/../lib/gcc/avr/4.3.3/avr5\libgcc.a(_lshrdi3.o)
 .debug_frame   0x00000040       0x20 e:/amit_course/microcontroller_n_microprocessor_tools_n_work/eclipse/sdk_win_64/winavr/bin/../lib/gcc/avr/4.3.3/avr5\libgcc.a(_fixunssfsi.o)
 .debug_frame   0x00000060       0x40 e:/amit_course/microcontroller_n_microprocessor_tools_n_work/eclipse/sdk_win_64/winavr/bin/../lib/gcc/avr/4.3.3/avr5\libgcc.a(_addsub_sf.o)
 .debug_frame   0x000000a0       0x20 e:/amit_course/microcontroller_n_microprocessor_tools_n_work/eclipse/sdk_win_64/winavr/bin/../lib/gcc/avr/4.3.3/avr5\libgcc.a(_mul_sf.o)
 .debug_frame   0x000000c0       0x20 e:/amit_course/microcontroller_n_microprocessor_tools_n_work/eclipse/sdk_win_64/winavr/bin/../lib/gcc/avr/4.3.3/avr5\libgcc.a(_div_sf.o)
 .debug_frame   0x000000e0       0x20 e:/amit_course/microcontroller_n_microprocessor_tools_n_work/eclipse/sdk_win_64/winavr/bin/../lib/gcc/avr/4.3.3/avr5\libgcc.a(_eq_sf.o)
 .debug_frame   0x00000100       0x20 e:/amit_course/microcontroller_n_microprocessor_tools_n_work/eclipse/sdk_win_64/winavr/bin/../lib/gcc/avr/4.3.3/avr5\libgcc.a(_gt_sf.o)
 .debug_frame   0x00000120       0x20 e:/amit_course/microcontroller_n_microprocessor_tools_n_work/eclipse/sdk_win_64/winavr/bin/../lib/gcc/avr/4.3.3/avr5\libgcc.a(_ge_sf.o)
 .debug_frame   0x00000140       0x20 e:/amit_course/microcontroller_n_microprocessor_tools_n_work/eclipse/sdk_win_64/winavr/bin/../lib/gcc/avr/4.3.3/avr5\libgcc.a(_lt_sf.o)
 .debug_frame   0x00000160       0x20 e:/amit_course/microcontroller_n_microprocessor_tools_n_work/eclipse/sdk_win_64/winavr/bin/../lib/gcc/avr/4.3.3/avr5\libgcc.a(_si_to_sf.o)
 .debug_frame   0x00000180       0x20 e:/amit_course/microcontroller_n_microprocessor_tools_n_work/eclipse/sdk_win_64/winavr/bin/../lib/gcc/avr/4.3.3/avr5\libgcc.a(_sf_to_si.o)
 .debug_frame   0x000001a0       0x20 e:/amit_course/microcontroller_n_microprocessor_tools_n_work/eclipse/sdk_win_64/winavr/bin/../lib/gcc/avr/4.3.3/avr5\libgcc.a(_usi_to_sf.o)
 .debug_frame   0x000001c0       0x20 e:/amit_course/microcontroller_n_microprocessor_tools_n_work/eclipse/sdk_win_64/winavr/bin/../lib/gcc/avr/4.3.3/avr5\libgcc.a(_clzsi2.o)
 .debug_frame   0x000001e0       0x20 e:/amit_course/microcontroller_n_microprocessor_tools_n_work/eclipse/sdk_win_64/winavr/bin/../lib/gcc/avr/4.3.3/avr5\libgcc.a(_pack_sf.o)
 .debug_frame   0x00000200       0x20 e:/amit_course/microcontroller_n_microprocessor_tools_n_work/eclipse/sdk_win_64/winavr/bin/../lib/gcc/avr/4.3.3/avr5\libgcc.a(_unpack_sf.o)
 .debug_frame   0x00000220       0x20 e:/amit_course/microcontroller_n_microprocessor_tools_n_work/eclipse/sdk_win_64/winavr/bin/../lib/gcc/avr/4.3.3/avr5\libgcc.a(_fpcmp_parts_sf.o)

.debug_str      0x00000000      0x37b
 *(.debug_str)
 .debug_str     0x00000000       0xf4 e:/amit_course/microcontroller_n_microprocessor_tools_n_work/eclipse/sdk_win_64/winavr/bin/../lib/gcc/avr/4.3.3/avr5\libgcc.a(_muldi3.o)
                                0x13f (size before relaxing)
 .debug_str     0x000000f4       0x23 e:/amit_course/microcontroller_n_microprocessor_tools_n_work/eclipse/sdk_win_64/winavr/bin/../lib/gcc/avr/4.3.3/avr5\libgcc.a(_lshrdi3.o)
                                0x131 (size before relaxing)
 .debug_str     0x00000117       0x14 e:/amit_course/microcontroller_n_microprocessor_tools_n_work/eclipse/sdk_win_64/winavr/bin/../lib/gcc/avr/4.3.3/avr5\libgcc.a(_fixunssfsi.o)
                                 0xfe (size before relaxing)
 .debug_str     0x0000012b      0x14d e:/amit_course/microcontroller_n_microprocessor_tools_n_work/eclipse/sdk_win_64/winavr/bin/../lib/gcc/avr/4.3.3/avr5\libgcc.a(_addsub_sf.o)
                                0x206 (size before relaxing)
 .debug_str     0x00000278       0x27 e:/amit_course/microcontroller_n_microprocessor_tools_n_work/eclipse/sdk_win_64/winavr/bin/../lib/gcc/avr/4.3.3/avr5\libgcc.a(_mul_sf.o)
                                0x1bf (size before relaxing)
 .debug_str     0x0000029f       0x35 e:/amit_course/microcontroller_n_microprocessor_tools_n_work/eclipse/sdk_win_64/winavr/bin/../lib/gcc/avr/4.3.3/avr5\libgcc.a(_div_sf.o)
                                0x1c8 (size before relaxing)
 .debug_str     0x000002d4        0x8 e:/amit_course/microcontroller_n_microprocessor_tools_n_work/eclipse/sdk_win_64/winavr/bin/../lib/gcc/avr/4.3.3/avr5\libgcc.a(_eq_sf.o)
                                0x195 (size before relaxing)
 .debug_str     0x000002dc        0x8 e:/amit_course/microcontroller_n_microprocessor_tools_n_work/eclipse/sdk_win_64/winavr/bin/../lib/gcc/avr/4.3.3/avr5\libgcc.a(_gt_sf.o)
                                0x195 (size before relaxing)
 .debug_str     0x000002e4        0x8 e:/amit_course/microcontroller_n_microprocessor_tools_n_work/eclipse/sdk_win_64/winavr/bin/../lib/gcc/avr/4.3.3/avr5\libgcc.a(_ge_sf.o)
                                0x195 (size before relaxing)
 .debug_str     0x000002ec        0x8 e:/amit_course/microcontroller_n_microprocessor_tools_n_work/eclipse/sdk_win_64/winavr/bin/../lib/gcc/avr/4.3.3/avr5\libgcc.a(_lt_sf.o)
                                0x195 (size before relaxing)
 .debug_str     0x000002f4       0x1e e:/amit_course/microcontroller_n_microprocessor_tools_n_work/eclipse/sdk_win_64/winavr/bin/../lib/gcc/avr/4.3.3/avr5\libgcc.a(_si_to_sf.o)
                                0x17b (size before relaxing)
 .debug_str     0x00000312        0xa e:/amit_course/microcontroller_n_microprocessor_tools_n_work/eclipse/sdk_win_64/winavr/bin/../lib/gcc/avr/4.3.3/avr5\libgcc.a(_sf_to_si.o)
                                0x19e (size before relaxing)
 .debug_str     0x00000000      0x103 e:/amit_course/microcontroller_n_microprocessor_tools_n_work/eclipse/sdk_win_64/winavr/bin/../lib/gcc/avr/4.3.3/avr5\libgcc.a(_thenan_sf.o)
 .debug_str     0x0000031c       0x14 e:/amit_course/microcontroller_n_microprocessor_tools_n_work/eclipse/sdk_win_64/winavr/bin/../lib/gcc/avr/4.3.3/avr5\libgcc.a(_usi_to_sf.o)
                                0x177 (size before relaxing)
 .debug_str     0x00000330       0x20 e:/amit_course/microcontroller_n_microprocessor_tools_n_work/eclipse/sdk_win_64/winavr/bin/../lib/gcc/avr/4.3.3/avr5\libgcc.a(_clzsi2.o)
                                0x111 (size before relaxing)
 .debug_str     0x00000350       0x10 e:/amit_course/microcontroller_n_microprocessor_tools_n_work/eclipse/sdk_win_64/winavr/bin/../lib/gcc/avr/4.3.3/avr5\libgcc.a(_pack_sf.o)
                                0x19d (size before relaxing)
 .debug_str     0x00000360        0xb e:/amit_course/microcontroller_n_microprocessor_tools_n_work/eclipse/sdk_win_64/winavr/bin/../lib/gcc/avr/4.3.3/avr5\libgcc.a(_unpack_sf.o)
                                0x17f (size before relaxing)
 .debug_str     0x0000036b       0x10 e:/amit_course/microcontroller_n_microprocessor_tools_n_work/eclipse/sdk_win_64/winavr/bin/../lib/gcc/avr/4.3.3/avr5\libgcc.a(_fpcmp_parts_sf.o)
                                0x163 (size before relaxing)
 .debug_str     0x00000000       0xf4 e:/amit_course/microcontroller_n_microprocessor_tools_n_work/eclipse/sdk_win_64/winavr/bin/../lib/gcc/avr/4.3.3/avr5\libgcc.a(_clz.o)

.debug_loc      0x00000000      0xc1a
 *(.debug_loc)
 .debug_loc     0x00000000       0xcc e:/amit_course/microcontroller_n_microprocessor_tools_n_work/eclipse/sdk_win_64/winavr/bin/../lib/gcc/avr/4.3.3/avr5\libgcc.a(_muldi3.o)
 .debug_loc     0x000000cc       0xf8 e:/amit_course/microcontroller_n_microprocessor_tools_n_work/eclipse/sdk_win_64/winavr/bin/../lib/gcc/avr/4.3.3/avr5\libgcc.a(_lshrdi3.o)
 .debug_loc     0x000001c4       0x34 e:/amit_course/microcontroller_n_microprocessor_tools_n_work/eclipse/sdk_win_64/winavr/bin/../lib/gcc/avr/4.3.3/avr5\libgcc.a(_fixunssfsi.o)
 .debug_loc     0x000001f8      0x32a e:/amit_course/microcontroller_n_microprocessor_tools_n_work/eclipse/sdk_win_64/winavr/bin/../lib/gcc/avr/4.3.3/avr5\libgcc.a(_addsub_sf.o)
 .debug_loc     0x00000522      0x104 e:/amit_course/microcontroller_n_microprocessor_tools_n_work/eclipse/sdk_win_64/winavr/bin/../lib/gcc/avr/4.3.3/avr5\libgcc.a(_mul_sf.o)
 .debug_loc     0x00000626       0xc0 e:/amit_course/microcontroller_n_microprocessor_tools_n_work/eclipse/sdk_win_64/winavr/bin/../lib/gcc/avr/4.3.3/avr5\libgcc.a(_div_sf.o)
 .debug_loc     0x000006e6       0x3c e:/amit_course/microcontroller_n_microprocessor_tools_n_work/eclipse/sdk_win_64/winavr/bin/../lib/gcc/avr/4.3.3/avr5\libgcc.a(_eq_sf.o)
 .debug_loc     0x00000722       0x3c e:/amit_course/microcontroller_n_microprocessor_tools_n_work/eclipse/sdk_win_64/winavr/bin/../lib/gcc/avr/4.3.3/avr5\libgcc.a(_gt_sf.o)
 .debug_loc     0x0000075e       0x3c e:/amit_course/microcontroller_n_microprocessor_tools_n_work/eclipse/sdk_win_64/winavr/bin/../lib/gcc/avr/4.3.3/avr5\libgcc.a(_ge_sf.o)
 .debug_loc     0x0000079a       0x3c e:/amit_course/microcontroller_n_microprocessor_tools_n_work/eclipse/sdk_win_64/winavr/bin/../lib/gcc/avr/4.3.3/avr5\libgcc.a(_lt_sf.o)
 .debug_loc     0x000007d6       0xac e:/amit_course/microcontroller_n_microprocessor_tools_n_work/eclipse/sdk_win_64/winavr/bin/../lib/gcc/avr/4.3.3/avr5\libgcc.a(_si_to_sf.o)
 .debug_loc     0x00000882       0x7e e:/amit_course/microcontroller_n_microprocessor_tools_n_work/eclipse/sdk_win_64/winavr/bin/../lib/gcc/avr/4.3.3/avr5\libgcc.a(_sf_to_si.o)
 .debug_loc     0x00000900       0x4c e:/amit_course/microcontroller_n_microprocessor_tools_n_work/eclipse/sdk_win_64/winavr/bin/../lib/gcc/avr/4.3.3/avr5\libgcc.a(_usi_to_sf.o)
 .debug_loc     0x0000094c       0x94 e:/amit_course/microcontroller_n_microprocessor_tools_n_work/eclipse/sdk_win_64/winavr/bin/../lib/gcc/avr/4.3.3/avr5\libgcc.a(_clzsi2.o)
 .debug_loc     0x000009e0      0x13e e:/amit_course/microcontroller_n_microprocessor_tools_n_work/eclipse/sdk_win_64/winavr/bin/../lib/gcc/avr/4.3.3/avr5\libgcc.a(_pack_sf.o)
 .debug_loc     0x00000b1e       0xac e:/amit_course/microcontroller_n_microprocessor_tools_n_work/eclipse/sdk_win_64/winavr/bin/../lib/gcc/avr/4.3.3/avr5\libgcc.a(_unpack_sf.o)
 .debug_loc     0x00000bca       0x50 e:/amit_course/microcontroller_n_microprocessor_tools_n_work/eclipse/sdk_win_64/winavr/bin/../lib/gcc/avr/4.3.3/avr5\libgcc.a(_fpcmp_parts_sf.o)

.debug_macinfo
 *(.debug_macinfo)
OUTPUT(Amit_AVR_Work.elf elf32-avr)
LOAD linker stubs

.debug_ranges   0x00000000       0x50
 .debug_ranges  0x00000000       0x50 e:/amit_course/microcontroller_n_microprocessor_tools_n_work/eclipse/sdk_win_64/winavr/bin/../lib/gcc/avr/4.3.3/avr5\libgcc.a(_mul_sf.o)
